Component: ARM Compiler 5.06 update 7 (build 960) Tool: armlink [4d3601]

==============================================================================

Section Cross References

    system_py32f002b.o(i.SystemCoreClockUpdate) refers to uidiv.o(.text) for __aeabi_uidivmod
    system_py32f002b.o(i.SystemCoreClockUpdate) refers to system_py32f002b.o(.data) for SystemCoreClock
    system_py32f002b.o(i.SystemCoreClockUpdate) refers to system_py32f002b.o(.constdata) for HSIFreqTable
    system_py32f002b.o(i.SystemInit) refers to system_py32f002b.o(i.DelayTime) for DelayTime
    startup_py32f002bxx.o(RESET) refers to startup_py32f002bxx.o(STACK) for __initial_sp
    startup_py32f002bxx.o(RESET) refers to startup_py32f002bxx.o(.text) for Reset_Handler
    startup_py32f002bxx.o(RESET) refers to time.o(i.TIM1_BRK_UP_TRG_COM_IRQHandler) for TIM1_BRK_UP_TRG_COM_IRQHandler
    startup_py32f002bxx.o(RESET) refers to time.o(i.TIM14_IRQHandler) for TIM14_IRQHandler
    startup_py32f002bxx.o(.text) refers to system_py32f002b.o(i.SystemInit) for SystemInit
    startup_py32f002bxx.o(.text) refers to entry.o(.ARM.Collect$$$$00000000) for __main
    main.o(i.main) refers to sys.o(i.System_Clock_Config) for System_Clock_Config
    main.o(i.main) refers to gpio.o(i.gpio_init) for gpio_init
    main.o(i.main) refers to time.o(i.Timer14_1ms_init) for Timer14_1ms_init
    main.o(i.main) refers to time.o(i.Timer1_10us_init) for Timer1_10us_init
    main.o(i.main) refers to app.o(i.app_control) for app_control
    gpio.o(i.gpio_init) refers to gpio.o(i.LL_IOP_GRP1_EnableClock) for LL_IOP_GRP1_EnableClock
    gpio.o(i.gpio_init) refers to memseta.o(.text) for __aeabi_memclr4
    gpio.o(i.gpio_init) refers to py32f002b_ll_gpio.o(i.LL_GPIO_Init) for LL_GPIO_Init
    gpio.o(i.gpio_init) refers to gpio.o(i.LL_GPIO_SetOutputPin) for LL_GPIO_SetOutputPin
    sys.o(i.System_Clock_Config) refers to py32f002b_ll_utils.o(i.LL_Init1msTick) for LL_Init1msTick
    sys.o(i.System_Clock_Config) refers to py32f002b_ll_utils.o(i.LL_SetSystemCoreClock) for LL_SetSystemCoreClock
    app.o(i.app_control) refers to app.o(i.LL_GPIO_TogglePin) for LL_GPIO_TogglePin
    app.o(i.app_control) refers to time.o(.data) for Flag_1ms
    ev1527.o(i.ev1527_exit) refers to ev1527.o(.data) for ev1527_count
    ev1527.o(i.ev1527_proc) refers to ev1527.o(i.LL_GPIO_IsInputPinSet) for LL_GPIO_IsInputPinSet
    ev1527.o(i.ev1527_proc) refers to ev1527.o(i.ev1527_exit) for ev1527_exit
    ev1527.o(i.ev1527_proc) refers to ev1527.o(.data) for ev1527_time_count_down
    time.o(i.TIM14_IRQHandler) refers to time.o(i.LL_TIM_IsActiveFlag_UPDATE) for LL_TIM_IsActiveFlag_UPDATE
    time.o(i.TIM14_IRQHandler) refers to time.o(i.LL_TIM_IsEnabledIT_UPDATE) for LL_TIM_IsEnabledIT_UPDATE
    time.o(i.TIM14_IRQHandler) refers to time.o(i.LL_TIM_ClearFlag_UPDATE) for LL_TIM_ClearFlag_UPDATE
    time.o(i.TIM14_IRQHandler) refers to time.o(.data) for Flag_1ms
    time.o(i.TIM1_BRK_UP_TRG_COM_IRQHandler) refers to time.o(i.LL_TIM_IsActiveFlag_UPDATE) for LL_TIM_IsActiveFlag_UPDATE
    time.o(i.TIM1_BRK_UP_TRG_COM_IRQHandler) refers to time.o(i.LL_TIM_IsEnabledIT_UPDATE) for LL_TIM_IsEnabledIT_UPDATE
    time.o(i.TIM1_BRK_UP_TRG_COM_IRQHandler) refers to time.o(i.LL_TIM_ClearFlag_UPDATE) for LL_TIM_ClearFlag_UPDATE
    time.o(i.TIM1_BRK_UP_TRG_COM_IRQHandler) refers to ev1527.o(i.ev1527_proc) for ev1527_proc
    time.o(i.Timer14_1ms_init) refers to time.o(i.LL_APB1_GRP2_EnableClock) for LL_APB1_GRP2_EnableClock
    time.o(i.Timer14_1ms_init) refers to memseta.o(.text) for __aeabi_memclr4
    time.o(i.Timer14_1ms_init) refers to py32f002b_ll_tim.o(i.LL_TIM_Init) for LL_TIM_Init
    time.o(i.Timer14_1ms_init) refers to time.o(i.LL_TIM_ClearFlag_UPDATE) for LL_TIM_ClearFlag_UPDATE
    time.o(i.Timer14_1ms_init) refers to time.o(i.LL_TIM_EnableIT_UPDATE) for LL_TIM_EnableIT_UPDATE
    time.o(i.Timer14_1ms_init) refers to time.o(i.LL_TIM_EnableCounter) for LL_TIM_EnableCounter
    time.o(i.Timer14_1ms_init) refers to time.o(i.NVIC_EnableIRQ) for NVIC_EnableIRQ
    time.o(i.Timer14_1ms_init) refers to time.o(i.NVIC_SetPriority) for NVIC_SetPriority
    time.o(i.Timer1_10us_init) refers to time.o(i.LL_APB1_GRP2_EnableClock) for LL_APB1_GRP2_EnableClock
    time.o(i.Timer1_10us_init) refers to memseta.o(.text) for __aeabi_memclr4
    time.o(i.Timer1_10us_init) refers to py32f002b_ll_tim.o(i.LL_TIM_Init) for LL_TIM_Init
    time.o(i.Timer1_10us_init) refers to time.o(i.LL_TIM_ClearFlag_UPDATE) for LL_TIM_ClearFlag_UPDATE
    time.o(i.Timer1_10us_init) refers to time.o(i.LL_TIM_EnableIT_UPDATE) for LL_TIM_EnableIT_UPDATE
    time.o(i.Timer1_10us_init) refers to time.o(i.LL_TIM_EnableCounter) for LL_TIM_EnableCounter
    time.o(i.Timer1_10us_init) refers to time.o(i.NVIC_EnableIRQ) for NVIC_EnableIRQ
    time.o(i.Timer1_10us_init) refers to time.o(i.NVIC_SetPriority) for NVIC_SetPriority
    py32f002bxx_ll_start_kit.o(i.BSP_LED_DeInit) refers to py32f002bxx_ll_start_kit.o(i.LL_GPIO_ResetOutputPin) for LL_GPIO_ResetOutputPin
    py32f002bxx_ll_start_kit.o(i.BSP_LED_DeInit) refers to py32f002bxx_ll_start_kit.o(i.LL_GPIO_SetPinMode) for LL_GPIO_SetPinMode
    py32f002bxx_ll_start_kit.o(i.BSP_LED_DeInit) refers to py32f002bxx_ll_start_kit.o(.constdata) for LED_PIN
    py32f002bxx_ll_start_kit.o(i.BSP_LED_DeInit) refers to py32f002bxx_ll_start_kit.o(.data) for LED_PORT
    py32f002bxx_ll_start_kit.o(i.BSP_LED_Init) refers to py32f002bxx_ll_start_kit.o(i.LL_IOP_GRP1_EnableClock) for LL_IOP_GRP1_EnableClock
    py32f002bxx_ll_start_kit.o(i.BSP_LED_Init) refers to py32f002bxx_ll_start_kit.o(i.LL_GPIO_SetPinMode) for LL_GPIO_SetPinMode
    py32f002bxx_ll_start_kit.o(i.BSP_LED_Init) refers to py32f002bxx_ll_start_kit.o(i.LL_GPIO_SetOutputPin) for LL_GPIO_SetOutputPin
    py32f002bxx_ll_start_kit.o(i.BSP_LED_Init) refers to py32f002bxx_ll_start_kit.o(.constdata) for LED_PIN
    py32f002bxx_ll_start_kit.o(i.BSP_LED_Init) refers to py32f002bxx_ll_start_kit.o(.data) for LED_PORT
    py32f002bxx_ll_start_kit.o(i.BSP_LED_Off) refers to py32f002bxx_ll_start_kit.o(i.LL_GPIO_SetOutputPin) for LL_GPIO_SetOutputPin
    py32f002bxx_ll_start_kit.o(i.BSP_LED_Off) refers to py32f002bxx_ll_start_kit.o(.constdata) for LED_PIN
    py32f002bxx_ll_start_kit.o(i.BSP_LED_Off) refers to py32f002bxx_ll_start_kit.o(.data) for LED_PORT
    py32f002bxx_ll_start_kit.o(i.BSP_LED_On) refers to py32f002bxx_ll_start_kit.o(i.LL_GPIO_ResetOutputPin) for LL_GPIO_ResetOutputPin
    py32f002bxx_ll_start_kit.o(i.BSP_LED_On) refers to py32f002bxx_ll_start_kit.o(.constdata) for LED_PIN
    py32f002bxx_ll_start_kit.o(i.BSP_LED_On) refers to py32f002bxx_ll_start_kit.o(.data) for LED_PORT
    py32f002bxx_ll_start_kit.o(i.BSP_LED_Toggle) refers to py32f002bxx_ll_start_kit.o(.data) for LED_PORT
    py32f002bxx_ll_start_kit.o(i.BSP_LED_Toggle) refers to py32f002bxx_ll_start_kit.o(.constdata) for LED_PIN
    py32f002bxx_ll_start_kit.o(i.BSP_PB_DeInit) refers to py32f002bxx_ll_start_kit.o(i.LL_GPIO_SetPinMode) for LL_GPIO_SetPinMode
    py32f002bxx_ll_start_kit.o(i.BSP_PB_DeInit) refers to py32f002bxx_ll_start_kit.o(.constdata) for BUTTON_IRQn
    py32f002bxx_ll_start_kit.o(i.BSP_PB_DeInit) refers to py32f002bxx_ll_start_kit.o(.data) for BUTTON_PORT
    py32f002bxx_ll_start_kit.o(i.BSP_PB_GetState) refers to py32f002bxx_ll_start_kit.o(.data) for BUTTON_PORT
    py32f002bxx_ll_start_kit.o(i.BSP_PB_GetState) refers to py32f002bxx_ll_start_kit.o(.constdata) for BUTTON_PIN
    py32f002bxx_ll_start_kit.o(i.BSP_PB_Init) refers to py32f002bxx_ll_start_kit.o(i.LL_IOP_GRP1_EnableClock) for LL_IOP_GRP1_EnableClock
    py32f002bxx_ll_start_kit.o(i.BSP_PB_Init) refers to py32f002bxx_ll_start_kit.o(i.LL_GPIO_SetPinMode) for LL_GPIO_SetPinMode
    py32f002bxx_ll_start_kit.o(i.BSP_PB_Init) refers to py32f002bxx_ll_start_kit.o(i.LL_GPIO_SetPinPull) for LL_GPIO_SetPinPull
    py32f002bxx_ll_start_kit.o(i.BSP_PB_Init) refers to py32f002bxx_ll_start_kit.o(i.NVIC_SetPriority) for NVIC_SetPriority
    py32f002bxx_ll_start_kit.o(i.BSP_PB_Init) refers to py32f002bxx_ll_start_kit.o(.constdata) for BUTTON_PIN
    py32f002bxx_ll_start_kit.o(i.BSP_PB_Init) refers to py32f002bxx_ll_start_kit.o(.data) for BUTTON_PORT
    py32f002bxx_ll_start_kit.o(i.BSP_USART_Config) refers to py32f002bxx_ll_start_kit.o(i.LL_USART_SetBaudRate) for LL_USART_SetBaudRate
    py32f002bxx_ll_start_kit.o(i.BSP_USART_Config) refers to py32f002bxx_ll_start_kit.o(i.LL_IOP_GRP1_EnableClock) for LL_IOP_GRP1_EnableClock
    py32f002bxx_ll_start_kit.o(i.BSP_USART_Config) refers to py32f002bxx_ll_start_kit.o(i.LL_GPIO_SetPinMode) for LL_GPIO_SetPinMode
    py32f002bxx_ll_start_kit.o(i.BSP_USART_Config) refers to py32f002bxx_ll_start_kit.o(i.LL_GPIO_SetPinSpeed) for LL_GPIO_SetPinSpeed
    py32f002bxx_ll_start_kit.o(i.BSP_USART_Config) refers to py32f002bxx_ll_start_kit.o(i.LL_GPIO_SetPinPull) for LL_GPIO_SetPinPull
    py32f002bxx_ll_start_kit.o(i.BSP_USART_Config) refers to py32f002bxx_ll_start_kit.o(i.LL_GPIO_SetAFPin_0_7) for LL_GPIO_SetAFPin_0_7
    py32f002bxx_ll_start_kit.o(i.BSP_USART_Config) refers to system_py32f002b.o(.data) for SystemCoreClock
    py32f002bxx_ll_start_kit.o(i.LL_USART_SetBaudRate) refers to uidiv.o(.text) for __aeabi_uidivmod
    py32f002b_ll_adc.o(i.LL_ADC_DeInit) refers to py32f002b_ll_adc.o(i.LL_ADC_IsEnabled) for LL_ADC_IsEnabled
    py32f002b_ll_adc.o(i.LL_ADC_DeInit) refers to py32f002b_ll_adc.o(i.LL_ADC_REG_IsStopConversionOngoing) for LL_ADC_REG_IsStopConversionOngoing
    py32f002b_ll_adc.o(i.LL_ADC_Init) refers to py32f002b_ll_adc.o(i.LL_ADC_IsEnabled) for LL_ADC_IsEnabled
    py32f002b_ll_adc.o(i.LL_ADC_REG_Init) refers to py32f002b_ll_adc.o(i.LL_ADC_IsEnabled) for LL_ADC_IsEnabled
    py32f002b_ll_gpio.o(i.LL_GPIO_DeInit) refers to py32f002b_ll_gpio.o(i.LL_IOP_GRP1_ForceReset) for LL_IOP_GRP1_ForceReset
    py32f002b_ll_gpio.o(i.LL_GPIO_DeInit) refers to py32f002b_ll_gpio.o(i.LL_IOP_GRP1_ReleaseReset) for LL_IOP_GRP1_ReleaseReset
    py32f002b_ll_utils.o(i.LL_Init1msTick) refers to uidiv.o(.text) for __aeabi_uidivmod
    py32f002b_ll_utils.o(i.LL_SetSystemCoreClock) refers to system_py32f002b.o(.data) for SystemCoreClock
    py32f002b_ll_tim.o(i.LL_TIM_DeInit) refers to py32f002b_ll_tim.o(i.LL_APB1_GRP2_ForceReset) for LL_APB1_GRP2_ForceReset
    py32f002b_ll_tim.o(i.LL_TIM_DeInit) refers to py32f002b_ll_tim.o(i.LL_APB1_GRP2_ReleaseReset) for LL_APB1_GRP2_ReleaseReset
    py32f002b_ll_tim.o(i.LL_TIM_HALLSENSOR_Init) refers to py32f002b_ll_tim.o(i.LL_TIM_OC_SetCompareCH2) for LL_TIM_OC_SetCompareCH2
    py32f002b_ll_tim.o(i.LL_TIM_IC_Init) refers to py32f002b_ll_tim.o(i.IC1Config) for IC1Config
    py32f002b_ll_tim.o(i.LL_TIM_IC_Init) refers to py32f002b_ll_tim.o(i.IC2Config) for IC2Config
    py32f002b_ll_tim.o(i.LL_TIM_IC_Init) refers to py32f002b_ll_tim.o(i.IC3Config) for IC3Config
    py32f002b_ll_tim.o(i.LL_TIM_IC_Init) refers to py32f002b_ll_tim.o(i.IC4Config) for IC4Config
    py32f002b_ll_tim.o(i.LL_TIM_OC_Init) refers to py32f002b_ll_tim.o(i.OC1Config) for OC1Config
    py32f002b_ll_tim.o(i.LL_TIM_OC_Init) refers to py32f002b_ll_tim.o(i.OC2Config) for OC2Config
    py32f002b_ll_tim.o(i.LL_TIM_OC_Init) refers to py32f002b_ll_tim.o(i.OC3Config) for OC3Config
    py32f002b_ll_tim.o(i.LL_TIM_OC_Init) refers to py32f002b_ll_tim.o(i.OC4Config) for OC4Config
    py32f002b_ll_tim.o(i.OC2Config) refers to py32f002b_ll_tim.o(i.LL_TIM_OC_SetCompareCH2) for LL_TIM_OC_SetCompareCH2
    py32f002b_ll_usart.o(i.LL_USART_ClockInit) refers to py32f002b_ll_usart.o(i.LL_USART_IsEnabled) for LL_USART_IsEnabled
    py32f002b_ll_usart.o(i.LL_USART_Init) refers to py32f002b_ll_usart.o(i.LL_USART_IsEnabled) for LL_USART_IsEnabled
    py32f002b_ll_usart.o(i.LL_USART_Init) refers to py32f002b_ll_rcc.o(i.LL_RCC_GetSystemClocksFreq) for LL_RCC_GetSystemClocksFreq
    py32f002b_ll_usart.o(i.LL_USART_Init) refers to py32f002b_ll_usart.o(i.LL_USART_SetBaudRate) for LL_USART_SetBaudRate
    py32f002b_ll_usart.o(i.LL_USART_SetBaudRate) refers to uidiv.o(.text) for __aeabi_uidivmod
    py32f002b_ll_rcc.o(i.LL_RCC_DeInit) refers to py32f002b_ll_rcc.o(i.LL_RCC_GetSysClkSource) for LL_RCC_GetSysClkSource
    py32f002b_ll_rcc.o(i.LL_RCC_GetCOMPClockFreq) refers to py32f002b_ll_rcc.o(i.LL_RCC_GetCOMPClockSource) for LL_RCC_GetCOMPClockSource
    py32f002b_ll_rcc.o(i.LL_RCC_GetCOMPClockFreq) refers to py32f002b_ll_rcc.o(i.LL_RCC_GetLSCClockFreq) for LL_RCC_GetLSCClockFreq
    py32f002b_ll_rcc.o(i.LL_RCC_GetCOMPClockFreq) refers to py32f002b_ll_rcc.o(i.RCC_GetSystemClockFreq) for RCC_GetSystemClockFreq
    py32f002b_ll_rcc.o(i.LL_RCC_GetCOMPClockFreq) refers to py32f002b_ll_rcc.o(i.RCC_GetHCLKClockFreq) for RCC_GetHCLKClockFreq
    py32f002b_ll_rcc.o(i.LL_RCC_GetCOMPClockFreq) refers to py32f002b_ll_rcc.o(i.RCC_GetPCLK1ClockFreq) for RCC_GetPCLK1ClockFreq
    py32f002b_ll_rcc.o(i.LL_RCC_GetLPTIMClockFreq) refers to py32f002b_ll_rcc.o(i.LL_RCC_LSI_IsReady) for LL_RCC_LSI_IsReady
    py32f002b_ll_rcc.o(i.LL_RCC_GetLPTIMClockFreq) refers to py32f002b_ll_rcc.o(i.LL_RCC_LSE_IsReady) for LL_RCC_LSE_IsReady
    py32f002b_ll_rcc.o(i.LL_RCC_GetLPTIMClockFreq) refers to py32f002b_ll_rcc.o(i.RCC_GetSystemClockFreq) for RCC_GetSystemClockFreq
    py32f002b_ll_rcc.o(i.LL_RCC_GetLPTIMClockFreq) refers to py32f002b_ll_rcc.o(i.RCC_GetHCLKClockFreq) for RCC_GetHCLKClockFreq
    py32f002b_ll_rcc.o(i.LL_RCC_GetLPTIMClockFreq) refers to py32f002b_ll_rcc.o(i.RCC_GetPCLK1ClockFreq) for RCC_GetPCLK1ClockFreq
    py32f002b_ll_rcc.o(i.LL_RCC_GetLSCClockFreq) refers to py32f002b_ll_rcc.o(i.LL_RCC_LSE_IsReady) for LL_RCC_LSE_IsReady
    py32f002b_ll_rcc.o(i.LL_RCC_GetLSCClockFreq) refers to py32f002b_ll_rcc.o(i.LL_RCC_LSI_IsReady) for LL_RCC_LSI_IsReady
    py32f002b_ll_rcc.o(i.LL_RCC_GetMCOClockFreq) refers to py32f002b_ll_rcc.o(i.LL_RCC_LSI_IsReady) for LL_RCC_LSI_IsReady
    py32f002b_ll_rcc.o(i.LL_RCC_GetMCOClockFreq) refers to py32f002b_ll_rcc.o(i.LL_RCC_LSE_IsReady) for LL_RCC_LSE_IsReady
    py32f002b_ll_rcc.o(i.LL_RCC_GetMCOClockFreq) refers to uidiv.o(.text) for __aeabi_uidivmod
    py32f002b_ll_rcc.o(i.LL_RCC_GetMCOClockFreq) refers to system_py32f002b.o(.data) for SystemCoreClock
    py32f002b_ll_rcc.o(i.LL_RCC_GetMCOClockFreq) refers to system_py32f002b.o(.constdata) for HSIFreqTable
    py32f002b_ll_rcc.o(i.LL_RCC_GetSystemClocksFreq) refers to py32f002b_ll_rcc.o(i.RCC_GetSystemClockFreq) for RCC_GetSystemClockFreq
    py32f002b_ll_rcc.o(i.LL_RCC_GetSystemClocksFreq) refers to py32f002b_ll_rcc.o(i.RCC_GetHCLKClockFreq) for RCC_GetHCLKClockFreq
    py32f002b_ll_rcc.o(i.LL_RCC_GetSystemClocksFreq) refers to py32f002b_ll_rcc.o(i.RCC_GetPCLK1ClockFreq) for RCC_GetPCLK1ClockFreq
    py32f002b_ll_rcc.o(i.RCC_GetHCLKClockFreq) refers to system_py32f002b.o(.constdata) for AHBPrescTable
    py32f002b_ll_rcc.o(i.RCC_GetPCLK1ClockFreq) refers to system_py32f002b.o(.constdata) for APBPrescTable
    py32f002b_ll_rcc.o(i.RCC_GetSystemClockFreq) refers to py32f002b_ll_rcc.o(i.LL_RCC_GetSysClkSource) for LL_RCC_GetSysClkSource
    py32f002b_ll_rcc.o(i.RCC_GetSystemClockFreq) refers to uidiv.o(.text) for __aeabi_uidivmod
    py32f002b_ll_rcc.o(i.RCC_GetSystemClockFreq) refers to system_py32f002b.o(.constdata) for HSIFreqTable
    entry.o(.ARM.Collect$$$$00000000) refers (Special) to entry10a.o(.ARM.Collect$$$$0000000F) for __rt_final_cpp
    entry.o(.ARM.Collect$$$$00000000) refers (Special) to entry11a.o(.ARM.Collect$$$$00000011) for __rt_final_exit
    entry.o(.ARM.Collect$$$$00000000) refers (Special) to entry12b.o(.ARM.Collect$$$$0000000E) for __rt_lib_shutdown_fini
    entry.o(.ARM.Collect$$$$00000000) refers (Special) to entry7b.o(.ARM.Collect$$$$00000008) for _main_clock
    entry.o(.ARM.Collect$$$$00000000) refers (Special) to entry8b.o(.ARM.Collect$$$$0000000A) for _main_cpp_init
    entry.o(.ARM.Collect$$$$00000000) refers (Special) to entry9a.o(.ARM.Collect$$$$0000000B) for _main_init
    entry.o(.ARM.Collect$$$$00000000) refers (Special) to entry5.o(.ARM.Collect$$$$00000004) for _main_scatterload
    entry.o(.ARM.Collect$$$$00000000) refers (Special) to entry2.o(.ARM.Collect$$$$00000001) for _main_stk
    entry2.o(.ARM.Collect$$$$00000001) refers to entry2.o(.ARM.Collect$$$$00002712) for __lit__00000000
    entry2.o(.ARM.Collect$$$$00002712) refers to startup_py32f002bxx.o(STACK) for __initial_sp
    entry2.o(__vectab_stack_and_reset_area) refers to startup_py32f002bxx.o(STACK) for __initial_sp
    entry2.o(__vectab_stack_and_reset_area) refers to entry.o(.ARM.Collect$$$$00000000) for __main
    entry5.o(.ARM.Collect$$$$00000004) refers to init.o(.text) for __scatterload
    entry9a.o(.ARM.Collect$$$$0000000B) refers to main.o(i.main) for main
    entry9b.o(.ARM.Collect$$$$0000000C) refers to main.o(i.main) for main
    init.o(.text) refers to entry5.o(.ARM.Collect$$$$00000004) for __main_after_scatterload


==============================================================================

Removing Unused input sections from the image.

    Removing system_py32f002b.o(.rev16_text), (4 bytes).
    Removing system_py32f002b.o(.revsh_text), (4 bytes).
    Removing system_py32f002b.o(i.SystemCoreClockUpdate), (156 bytes).
    Removing system_py32f002b.o(.constdata), (128 bytes).
    Removing startup_py32f002bxx.o(HEAP), (0 bytes).
    Removing main.o(.rev16_text), (4 bytes).
    Removing main.o(.revsh_text), (4 bytes).
    Removing main.o(.constdata), (35 bytes).
    Removing gpio.o(.rev16_text), (4 bytes).
    Removing gpio.o(.revsh_text), (4 bytes).
    Removing gpio.o(.constdata), (35 bytes).
    Removing sys.o(.rev16_text), (4 bytes).
    Removing sys.o(.revsh_text), (4 bytes).
    Removing sys.o(.constdata), (35 bytes).
    Removing app.o(.rev16_text), (4 bytes).
    Removing app.o(.revsh_text), (4 bytes).
    Removing app.o(.constdata), (35 bytes).
    Removing ev1527.o(.rev16_text), (4 bytes).
    Removing ev1527.o(.revsh_text), (4 bytes).
    Removing ev1527.o(.constdata), (35 bytes).
    Removing time.o(.rev16_text), (4 bytes).
    Removing time.o(.revsh_text), (4 bytes).
    Removing time.o(.constdata), (35 bytes).
    Removing py32f002bxx_ll_start_kit.o(.rev16_text), (4 bytes).
    Removing py32f002bxx_ll_start_kit.o(.revsh_text), (4 bytes).
    Removing py32f002bxx_ll_start_kit.o(i.BSP_GetVersion), (6 bytes).
    Removing py32f002bxx_ll_start_kit.o(i.BSP_LED_DeInit), (48 bytes).
    Removing py32f002bxx_ll_start_kit.o(i.BSP_LED_Init), (60 bytes).
    Removing py32f002bxx_ll_start_kit.o(i.BSP_LED_Off), (32 bytes).
    Removing py32f002bxx_ll_start_kit.o(i.BSP_LED_On), (32 bytes).
    Removing py32f002bxx_ll_start_kit.o(i.BSP_LED_Toggle), (32 bytes).
    Removing py32f002bxx_ll_start_kit.o(i.BSP_PB_DeInit), (60 bytes).
    Removing py32f002bxx_ll_start_kit.o(i.BSP_PB_GetState), (44 bytes).
    Removing py32f002bxx_ll_start_kit.o(i.BSP_PB_Init), (160 bytes).
    Removing py32f002bxx_ll_start_kit.o(i.BSP_USART_Config), (276 bytes).
    Removing py32f002bxx_ll_start_kit.o(i.LL_GPIO_ResetOutputPin), (4 bytes).
    Removing py32f002bxx_ll_start_kit.o(i.LL_GPIO_SetAFPin_0_7), (36 bytes).
    Removing py32f002bxx_ll_start_kit.o(i.LL_GPIO_SetOutputPin), (4 bytes).
    Removing py32f002bxx_ll_start_kit.o(i.LL_GPIO_SetPinMode), (26 bytes).
    Removing py32f002bxx_ll_start_kit.o(i.LL_GPIO_SetPinPull), (26 bytes).
    Removing py32f002bxx_ll_start_kit.o(i.LL_GPIO_SetPinSpeed), (26 bytes).
    Removing py32f002bxx_ll_start_kit.o(i.LL_IOP_GRP1_EnableClock), (28 bytes).
    Removing py32f002bxx_ll_start_kit.o(i.LL_USART_SetBaudRate), (306 bytes).
    Removing py32f002bxx_ll_start_kit.o(i.NVIC_SetPriority), (120 bytes).
    Removing py32f002bxx_ll_start_kit.o(i.fgetc), (36 bytes).
    Removing py32f002bxx_ll_start_kit.o(i.fputc), (44 bytes).
    Removing py32f002bxx_ll_start_kit.o(.constdata), (12 bytes).
    Removing py32f002bxx_ll_start_kit.o(.data), (8 bytes).
    Removing py32f002b_ll_adc.o(.rev16_text), (4 bytes).
    Removing py32f002b_ll_adc.o(.revsh_text), (4 bytes).
    Removing py32f002b_ll_adc.o(i.LL_ADC_CommonDeInit), (40 bytes).
    Removing py32f002b_ll_adc.o(i.LL_ADC_DeInit), (272 bytes).
    Removing py32f002b_ll_adc.o(i.LL_ADC_Init), (64 bytes).
    Removing py32f002b_ll_adc.o(i.LL_ADC_IsEnabled), (16 bytes).
    Removing py32f002b_ll_adc.o(i.LL_ADC_REG_Init), (56 bytes).
    Removing py32f002b_ll_adc.o(i.LL_ADC_REG_IsStopConversionOngoing), (12 bytes).
    Removing py32f002b_ll_adc.o(i.LL_ADC_REG_StructInit), (16 bytes).
    Removing py32f002b_ll_adc.o(i.LL_ADC_StructInit), (16 bytes).
    Removing py32f002b_ll_gpio.o(.rev16_text), (4 bytes).
    Removing py32f002b_ll_gpio.o(.revsh_text), (4 bytes).
    Removing py32f002b_ll_gpio.o(i.LL_GPIO_DeInit), (84 bytes).
    Removing py32f002b_ll_gpio.o(i.LL_GPIO_StructInit), (24 bytes).
    Removing py32f002b_ll_gpio.o(i.LL_IOP_GRP1_ForceReset), (16 bytes).
    Removing py32f002b_ll_gpio.o(i.LL_IOP_GRP1_ReleaseReset), (16 bytes).
    Removing py32f002b_ll_utils.o(.rev16_text), (4 bytes).
    Removing py32f002b_ll_utils.o(.revsh_text), (4 bytes).
    Removing py32f002b_ll_utils.o(i.LL_SetFlashLatency), (100 bytes).
    Removing py32f002b_ll_utils.o(i.LL_mDelay), (52 bytes).
    Removing py32f002b_ll_utils.o(.data), (32 bytes).
    Removing py32f002b_ll_tim.o(.rev16_text), (4 bytes).
    Removing py32f002b_ll_tim.o(.revsh_text), (4 bytes).
    Removing py32f002b_ll_tim.o(i.IC1Config), (54 bytes).
    Removing py32f002b_ll_tim.o(i.IC2Config), (58 bytes).
    Removing py32f002b_ll_tim.o(i.IC3Config), (62 bytes).
    Removing py32f002b_ll_tim.o(i.IC4Config), (64 bytes).
    Removing py32f002b_ll_tim.o(i.LL_APB1_GRP2_ForceReset), (16 bytes).
    Removing py32f002b_ll_tim.o(i.LL_APB1_GRP2_ReleaseReset), (16 bytes).
    Removing py32f002b_ll_tim.o(i.LL_TIM_BDTR_Init), (114 bytes).
    Removing py32f002b_ll_tim.o(i.LL_TIM_BDTR_StructInit), (18 bytes).
    Removing py32f002b_ll_tim.o(i.LL_TIM_DeInit), (60 bytes).
    Removing py32f002b_ll_tim.o(i.LL_TIM_ENCODER_Init), (110 bytes).
    Removing py32f002b_ll_tim.o(i.LL_TIM_ENCODER_StructInit), (36 bytes).
    Removing py32f002b_ll_tim.o(i.LL_TIM_HALLSENSOR_Init), (142 bytes).
    Removing py32f002b_ll_tim.o(i.LL_TIM_HALLSENSOR_StructInit), (12 bytes).
    Removing py32f002b_ll_tim.o(i.LL_TIM_IC_Init), (92 bytes).
    Removing py32f002b_ll_tim.o(i.LL_TIM_IC_StructInit), (18 bytes).
    Removing py32f002b_ll_tim.o(i.LL_TIM_OC_Init), (92 bytes).
    Removing py32f002b_ll_tim.o(i.LL_TIM_OC_SetCompareCH2), (4 bytes).
    Removing py32f002b_ll_tim.o(i.LL_TIM_OC_StructInit), (20 bytes).
    Removing py32f002b_ll_tim.o(i.LL_TIM_StructInit), (18 bytes).
    Removing py32f002b_ll_tim.o(i.OC1Config), (152 bytes).
    Removing py32f002b_ll_tim.o(i.OC2Config), (176 bytes).
    Removing py32f002b_ll_tim.o(i.OC3Config), (168 bytes).
    Removing py32f002b_ll_tim.o(i.OC4Config), (132 bytes).
    Removing py32f002b_ll_tim.o(.constdata), (35 bytes).
    Removing py32f002b_ll_usart.o(.rev16_text), (4 bytes).
    Removing py32f002b_ll_usart.o(.revsh_text), (4 bytes).
    Removing py32f002b_ll_usart.o(i.LL_USART_ClockInit), (76 bytes).
    Removing py32f002b_ll_usart.o(i.LL_USART_ClockStructInit), (12 bytes).
    Removing py32f002b_ll_usart.o(i.LL_USART_DeInit), (56 bytes).
    Removing py32f002b_ll_usart.o(i.LL_USART_Init), (124 bytes).
    Removing py32f002b_ll_usart.o(i.LL_USART_IsEnabled), (14 bytes).
    Removing py32f002b_ll_usart.o(i.LL_USART_SetBaudRate), (306 bytes).
    Removing py32f002b_ll_usart.o(i.LL_USART_StructInit), (26 bytes).
    Removing py32f002b_ll_rcc.o(.rev16_text), (4 bytes).
    Removing py32f002b_ll_rcc.o(.revsh_text), (4 bytes).
    Removing py32f002b_ll_rcc.o(i.LL_RCC_DeInit), (104 bytes).
    Removing py32f002b_ll_rcc.o(i.LL_RCC_GetCOMPClockFreq), (116 bytes).
    Removing py32f002b_ll_rcc.o(i.LL_RCC_GetCOMPClockSource), (20 bytes).
    Removing py32f002b_ll_rcc.o(i.LL_RCC_GetLPTIMClockFreq), (112 bytes).
    Removing py32f002b_ll_rcc.o(i.LL_RCC_GetLSCClockFreq), (68 bytes).
    Removing py32f002b_ll_rcc.o(i.LL_RCC_GetMCOClockFreq), (216 bytes).
    Removing py32f002b_ll_rcc.o(i.LL_RCC_GetSysClkSource), (16 bytes).
    Removing py32f002b_ll_rcc.o(i.LL_RCC_GetSystemClocksFreq), (28 bytes).
    Removing py32f002b_ll_rcc.o(i.LL_RCC_LSE_IsReady), (16 bytes).
    Removing py32f002b_ll_rcc.o(i.LL_RCC_LSI_IsReady), (16 bytes).
    Removing py32f002b_ll_rcc.o(i.RCC_GetHCLKClockFreq), (44 bytes).
    Removing py32f002b_ll_rcc.o(i.RCC_GetPCLK1ClockFreq), (40 bytes).
    Removing py32f002b_ll_rcc.o(i.RCC_GetSystemClockFreq), (112 bytes).

119 unused section(s) (total 6039 bytes) removed from the image.

==============================================================================

Image Symbol Table

    Local Symbols

    Symbol Name                              Value     Ov Type        Size  Object(Section)

    ../clib/microlib/division.c              0x00000000   Number         0  uidiv.o ABSOLUTE
    ../clib/microlib/init/entry.s            0x00000000   Number         0  entry10b.o ABSOLUTE
    ../clib/microlib/init/entry.s            0x00000000   Number         0  entry7a.o ABSOLUTE
    ../clib/microlib/init/entry.s            0x00000000   Number         0  entry7b.o ABSOLUTE
    ../clib/microlib/init/entry.s            0x00000000   Number         0  entry9b.o ABSOLUTE
    ../clib/microlib/init/entry.s            0x00000000   Number         0  entry9a.o ABSOLUTE
    ../clib/microlib/init/entry.s            0x00000000   Number         0  entry8a.o ABSOLUTE
    ../clib/microlib/init/entry.s            0x00000000   Number         0  entry8b.o ABSOLUTE
    ../clib/microlib/init/entry.s            0x00000000   Number         0  entry.o ABSOLUTE
    ../clib/microlib/init/entry.s            0x00000000   Number         0  entry2.o ABSOLUTE
    ../clib/microlib/init/entry.s            0x00000000   Number         0  entry10a.o ABSOLUTE
    ../clib/microlib/init/entry.s            0x00000000   Number         0  entry5.o ABSOLUTE
    ../clib/microlib/init/entry.s            0x00000000   Number         0  entry12b.o ABSOLUTE
    ../clib/microlib/init/entry.s            0x00000000   Number         0  entry12a.o ABSOLUTE
    ../clib/microlib/init/entry.s            0x00000000   Number         0  entry11b.o ABSOLUTE
    ../clib/microlib/init/entry.s            0x00000000   Number         0  entry11a.o ABSOLUTE
    ../clib/microlib/string/memset.c         0x00000000   Number         0  memseta.o ABSOLUTE
    ..\..\Drivers\BSP\PY32F002Bxx_Start_Kit\py32f002bxx_ll_Start_Kit.c 0x00000000   Number         0  py32f002bxx_ll_start_kit.o ABSOLUTE
    ..\..\Drivers\PY32F002B_HAL_Driver\Src\py32f002b_ll_adc.c 0x00000000   Number         0  py32f002b_ll_adc.o ABSOLUTE
    ..\..\Drivers\PY32F002B_HAL_Driver\Src\py32f002b_ll_gpio.c 0x00000000   Number         0  py32f002b_ll_gpio.o ABSOLUTE
    ..\..\Drivers\PY32F002B_HAL_Driver\Src\py32f002b_ll_rcc.c 0x00000000   Number         0  py32f002b_ll_rcc.o ABSOLUTE
    ..\..\Drivers\PY32F002B_HAL_Driver\Src\py32f002b_ll_tim.c 0x00000000   Number         0  py32f002b_ll_tim.o ABSOLUTE
    ..\..\Drivers\PY32F002B_HAL_Driver\Src\py32f002b_ll_usart.c 0x00000000   Number         0  py32f002b_ll_usart.o ABSOLUTE
    ..\..\Drivers\PY32F002B_HAL_Driver\Src\py32f002b_ll_utils.c 0x00000000   Number         0  py32f002b_ll_utils.o ABSOLUTE
    ..\Src\app.c                             0x00000000   Number         0  app.o ABSOLUTE
    ..\Src\ev1527.c                          0x00000000   Number         0  ev1527.o ABSOLUTE
    ..\Src\gpio.c                            0x00000000   Number         0  gpio.o ABSOLUTE
    ..\Src\main.c                            0x00000000   Number         0  main.o ABSOLUTE
    ..\Src\sys.c                             0x00000000   Number         0  sys.o ABSOLUTE
    ..\Src\system_py32f002b.c                0x00000000   Number         0  system_py32f002b.o ABSOLUTE
    ..\Src\time.c                            0x00000000   Number         0  time.o ABSOLUTE
    ..\\..\\Drivers\\BSP\\PY32F002Bxx_Start_Kit\\py32f002bxx_ll_Start_Kit.c 0x00000000   Number         0  py32f002bxx_ll_start_kit.o ABSOLUTE
    ..\\..\\Drivers\\PY32F002B_HAL_Driver\\Src\\py32f002b_ll_adc.c 0x00000000   Number         0  py32f002b_ll_adc.o ABSOLUTE
    ..\\..\\Drivers\\PY32F002B_HAL_Driver\\Src\\py32f002b_ll_gpio.c 0x00000000   Number         0  py32f002b_ll_gpio.o ABSOLUTE
    ..\\..\\Drivers\\PY32F002B_HAL_Driver\\Src\\py32f002b_ll_rcc.c 0x00000000   Number         0  py32f002b_ll_rcc.o ABSOLUTE
    ..\\..\\Drivers\\PY32F002B_HAL_Driver\\Src\\py32f002b_ll_tim.c 0x00000000   Number         0  py32f002b_ll_tim.o ABSOLUTE
    ..\\..\\Drivers\\PY32F002B_HAL_Driver\\Src\\py32f002b_ll_usart.c 0x00000000   Number         0  py32f002b_ll_usart.o ABSOLUTE
    ..\\..\\Drivers\\PY32F002B_HAL_Driver\\Src\\py32f002b_ll_utils.c 0x00000000   Number         0  py32f002b_ll_utils.o ABSOLUTE
    ..\\Src\\app.c                           0x00000000   Number         0  app.o ABSOLUTE
    ..\\Src\\ev1527.c                        0x00000000   Number         0  ev1527.o ABSOLUTE
    ..\\Src\\gpio.c                          0x00000000   Number         0  gpio.o ABSOLUTE
    ..\\Src\\main.c                          0x00000000   Number         0  main.o ABSOLUTE
    ..\\Src\\sys.c                           0x00000000   Number         0  sys.o ABSOLUTE
    ..\\Src\\system_py32f002b.c              0x00000000   Number         0  system_py32f002b.o ABSOLUTE
    ..\\Src\\time.c                          0x00000000   Number         0  time.o ABSOLUTE
    dc.s                                     0x00000000   Number         0  dc.o ABSOLUTE
    handlers.s                               0x00000000   Number         0  handlers.o ABSOLUTE
    init.s                                   0x00000000   Number         0  init.o ABSOLUTE
    startup_py32f002bxx.s                    0x00000000   Number         0  startup_py32f002bxx.o ABSOLUTE
    RESET                                    0x08000000   Section      192  startup_py32f002bxx.o(RESET)
    .ARM.Collect$$$$00000000                 0x080000c0   Section        0  entry.o(.ARM.Collect$$$$00000000)
    .ARM.Collect$$$$00000001                 0x080000c0   Section        4  entry2.o(.ARM.Collect$$$$00000001)
    .ARM.Collect$$$$00000004                 0x080000c4   Section        4  entry5.o(.ARM.Collect$$$$00000004)
    .ARM.Collect$$$$00000008                 0x080000c8   Section        0  entry7b.o(.ARM.Collect$$$$00000008)
    .ARM.Collect$$$$0000000A                 0x080000c8   Section        0  entry8b.o(.ARM.Collect$$$$0000000A)
    .ARM.Collect$$$$0000000B                 0x080000c8   Section        8  entry9a.o(.ARM.Collect$$$$0000000B)
    .ARM.Collect$$$$0000000E                 0x080000d0   Section        4  entry12b.o(.ARM.Collect$$$$0000000E)
    .ARM.Collect$$$$0000000F                 0x080000d4   Section        0  entry10a.o(.ARM.Collect$$$$0000000F)
    .ARM.Collect$$$$00000011                 0x080000d4   Section        0  entry11a.o(.ARM.Collect$$$$00000011)
    .ARM.Collect$$$$00002712                 0x080000d4   Section        4  entry2.o(.ARM.Collect$$$$00002712)
    __lit__00000000                          0x080000d4   Data           4  entry2.o(.ARM.Collect$$$$00002712)
    .text                                    0x080000d8   Section       28  startup_py32f002bxx.o(.text)
    .text                                    0x080000f4   Section        0  uidiv.o(.text)
    .text                                    0x08000120   Section        0  memseta.o(.text)
    .text                                    0x08000144   Section       36  init.o(.text)
    i.DelayTime                              0x08000168   Section        0  system_py32f002b.o(i.DelayTime)
    DelayTime                                0x08000169   Thumb Code    24  system_py32f002b.o(i.DelayTime)
    i.LL_APB1_GRP2_EnableClock               0x08000184   Section        0  time.o(i.LL_APB1_GRP2_EnableClock)
    LL_APB1_GRP2_EnableClock                 0x08000185   Thumb Code    24  time.o(i.LL_APB1_GRP2_EnableClock)
    i.LL_GPIO_Init                           0x080001a0   Section        0  py32f002b_ll_gpio.o(i.LL_GPIO_Init)
    i.LL_GPIO_IsInputPinSet                  0x0800029a   Section        0  ev1527.o(i.LL_GPIO_IsInputPinSet)
    LL_GPIO_IsInputPinSet                    0x0800029b   Thumb Code    18  ev1527.o(i.LL_GPIO_IsInputPinSet)
    i.LL_GPIO_SetOutputPin                   0x080002ac   Section        0  gpio.o(i.LL_GPIO_SetOutputPin)
    LL_GPIO_SetOutputPin                     0x080002ad   Thumb Code     4  gpio.o(i.LL_GPIO_SetOutputPin)
    i.LL_GPIO_TogglePin                      0x080002b0   Section        0  app.o(i.LL_GPIO_TogglePin)
    LL_GPIO_TogglePin                        0x080002b1   Thumb Code     8  app.o(i.LL_GPIO_TogglePin)
    i.LL_IOP_GRP1_EnableClock                0x080002b8   Section        0  gpio.o(i.LL_IOP_GRP1_EnableClock)
    LL_IOP_GRP1_EnableClock                  0x080002b9   Thumb Code    24  gpio.o(i.LL_IOP_GRP1_EnableClock)
    i.LL_Init1msTick                         0x080002d4   Section        0  py32f002b_ll_utils.o(i.LL_Init1msTick)
    i.LL_SetSystemCoreClock                  0x080002fc   Section        0  py32f002b_ll_utils.o(i.LL_SetSystemCoreClock)
    i.LL_TIM_ClearFlag_UPDATE                0x08000308   Section        0  time.o(i.LL_TIM_ClearFlag_UPDATE)
    LL_TIM_ClearFlag_UPDATE                  0x08000309   Thumb Code     8  time.o(i.LL_TIM_ClearFlag_UPDATE)
    i.LL_TIM_EnableCounter                   0x08000310   Section        0  time.o(i.LL_TIM_EnableCounter)
    LL_TIM_EnableCounter                     0x08000311   Thumb Code    10  time.o(i.LL_TIM_EnableCounter)
    i.LL_TIM_EnableIT_UPDATE                 0x0800031a   Section        0  time.o(i.LL_TIM_EnableIT_UPDATE)
    LL_TIM_EnableIT_UPDATE                   0x0800031b   Thumb Code    10  time.o(i.LL_TIM_EnableIT_UPDATE)
    i.LL_TIM_Init                            0x08000324   Section        0  py32f002b_ll_tim.o(i.LL_TIM_Init)
    i.LL_TIM_IsActiveFlag_UPDATE             0x08000390   Section        0  time.o(i.LL_TIM_IsActiveFlag_UPDATE)
    LL_TIM_IsActiveFlag_UPDATE               0x08000391   Thumb Code    16  time.o(i.LL_TIM_IsActiveFlag_UPDATE)
    i.LL_TIM_IsEnabledIT_UPDATE              0x080003a0   Section        0  time.o(i.LL_TIM_IsEnabledIT_UPDATE)
    LL_TIM_IsEnabledIT_UPDATE                0x080003a1   Thumb Code    16  time.o(i.LL_TIM_IsEnabledIT_UPDATE)
    i.NVIC_EnableIRQ                         0x080003b0   Section        0  time.o(i.NVIC_EnableIRQ)
    NVIC_EnableIRQ                           0x080003b1   Thumb Code    14  time.o(i.NVIC_EnableIRQ)
    i.NVIC_SetPriority                       0x080003c4   Section        0  time.o(i.NVIC_SetPriority)
    NVIC_SetPriority                         0x080003c5   Thumb Code   110  time.o(i.NVIC_SetPriority)
    i.SystemInit                             0x0800043c   Section        0  system_py32f002b.o(i.SystemInit)
    i.System_Clock_Config                    0x08000488   Section        0  sys.o(i.System_Clock_Config)
    i.TIM14_IRQHandler                       0x08000534   Section        0  time.o(i.TIM14_IRQHandler)
    i.TIM1_BRK_UP_TRG_COM_IRQHandler         0x0800058c   Section        0  time.o(i.TIM1_BRK_UP_TRG_COM_IRQHandler)
    i.Timer14_1ms_init                       0x080005b4   Section        0  time.o(i.Timer14_1ms_init)
    i.Timer1_10us_init                       0x08000614   Section        0  time.o(i.Timer1_10us_init)
    i.__scatterload_copy                     0x08000670   Section       14  handlers.o(i.__scatterload_copy)
    i.__scatterload_null                     0x0800067e   Section        2  handlers.o(i.__scatterload_null)
    i.__scatterload_zeroinit                 0x08000680   Section       14  handlers.o(i.__scatterload_zeroinit)
    i.app_control                            0x08000690   Section        0  app.o(i.app_control)
    i.ev1527_exit                            0x080006ec   Section        0  ev1527.o(i.ev1527_exit)
    i.ev1527_proc                            0x08000718   Section        0  ev1527.o(i.ev1527_proc)
    i.gpio_init                              0x08000964   Section        0  gpio.o(i.gpio_init)
    i.main                                   0x08000a54   Section        0  main.o(i.main)
    .data                                    0x20000000   Section        4  system_py32f002b.o(.data)
    .data                                    0x20000004   Section       16  ev1527.o(.data)
    .data                                    0x20000014   Section        9  time.o(.data)
    STACK                                    0x20000020   Section     1024  startup_py32f002bxx.o(STACK)

    Global Symbols

    Symbol Name                              Value     Ov Type        Size  Object(Section)

    BuildAttributes$$THM_ISAv3M$S$PE$A:L22$X:L11$S22$IEEE1$IW$USESV6$~STKCKD$USESV7$~SHL$OSPACE$EBA8$MICROLIB$REQ8$PRES8$EABIv2 0x00000000   Number         0  anon$$obj.o ABSOLUTE
    __ARM_use_no_argv                        0x00000000   Number         0  main.o ABSOLUTE
    __arm_fini_                               - Undefined Weak Reference
    __cpp_initialize__aeabi_                  - Undefined Weak Reference
    __cxa_finalize                            - Undefined Weak Reference
    __decompress                              - Undefined Weak Reference
    _clock_init                               - Undefined Weak Reference
    _microlib_exit                            - Undefined Weak Reference
    __Vectors_Size                           0x000000c0   Number         0  startup_py32f002bxx.o ABSOLUTE
    __Vectors                                0x08000000   Data           4  startup_py32f002bxx.o(RESET)
    __Vectors_End                            0x080000c0   Data           0  startup_py32f002bxx.o(RESET)
    __main                                   0x080000c1   Thumb Code     0  entry.o(.ARM.Collect$$$$00000000)
    _main_stk                                0x080000c1   Thumb Code     0  entry2.o(.ARM.Collect$$$$00000001)
    _main_scatterload                        0x080000c5   Thumb Code     0  entry5.o(.ARM.Collect$$$$00000004)
    __main_after_scatterload                 0x080000c9   Thumb Code     0  entry5.o(.ARM.Collect$$$$00000004)
    _main_clock                              0x080000c9   Thumb Code     0  entry7b.o(.ARM.Collect$$$$00000008)
    _main_cpp_init                           0x080000c9   Thumb Code     0  entry8b.o(.ARM.Collect$$$$0000000A)
    _main_init                               0x080000c9   Thumb Code     0  entry9a.o(.ARM.Collect$$$$0000000B)
    __rt_lib_shutdown_fini                   0x080000d1   Thumb Code     0  entry12b.o(.ARM.Collect$$$$0000000E)
    __rt_final_cpp                           0x080000d5   Thumb Code     0  entry10a.o(.ARM.Collect$$$$0000000F)
    __rt_final_exit                          0x080000d5   Thumb Code     0  entry11a.o(.ARM.Collect$$$$00000011)
    Reset_Handler                            0x080000d9   Thumb Code     8  startup_py32f002bxx.o(.text)
    NMI_Handler                              0x080000e1   Thumb Code     2  startup_py32f002bxx.o(.text)
    HardFault_Handler                        0x080000e3   Thumb Code     2  startup_py32f002bxx.o(.text)
    SVC_Handler                              0x080000e5   Thumb Code     2  startup_py32f002bxx.o(.text)
    PendSV_Handler                           0x080000e7   Thumb Code     2  startup_py32f002bxx.o(.text)
    SysTick_Handler                          0x080000e9   Thumb Code     2  startup_py32f002bxx.o(.text)
    ADC_COMP_IRQHandler                      0x080000eb   Thumb Code     0  startup_py32f002bxx.o(.text)
    EXTI0_1_IRQHandler                       0x080000eb   Thumb Code     0  startup_py32f002bxx.o(.text)
    EXTI2_3_IRQHandler                       0x080000eb   Thumb Code     0  startup_py32f002bxx.o(.text)
    EXTI4_15_IRQHandler                      0x080000eb   Thumb Code     0  startup_py32f002bxx.o(.text)
    FLASH_IRQHandler                         0x080000eb   Thumb Code     0  startup_py32f002bxx.o(.text)
    I2C1_IRQHandler                          0x080000eb   Thumb Code     0  startup_py32f002bxx.o(.text)
    LPTIM1_IRQHandler                        0x080000eb   Thumb Code     0  startup_py32f002bxx.o(.text)
    RCC_IRQHandler                           0x080000eb   Thumb Code     0  startup_py32f002bxx.o(.text)
    SPI1_IRQHandler                          0x080000eb   Thumb Code     0  startup_py32f002bxx.o(.text)
    TIM1_CC_IRQHandler                       0x080000eb   Thumb Code     0  startup_py32f002bxx.o(.text)
    USART1_IRQHandler                        0x080000eb   Thumb Code     0  startup_py32f002bxx.o(.text)
    __aeabi_uidiv                            0x080000f5   Thumb Code     0  uidiv.o(.text)
    __aeabi_uidivmod                         0x080000f5   Thumb Code    44  uidiv.o(.text)
    __aeabi_memset                           0x08000121   Thumb Code    14  memseta.o(.text)
    __aeabi_memset4                          0x08000121   Thumb Code     0  memseta.o(.text)
    __aeabi_memset8                          0x08000121   Thumb Code     0  memseta.o(.text)
    __aeabi_memclr                           0x0800012f   Thumb Code     4  memseta.o(.text)
    __aeabi_memclr4                          0x0800012f   Thumb Code     0  memseta.o(.text)
    __aeabi_memclr8                          0x0800012f   Thumb Code     0  memseta.o(.text)
    _memset$wrapper                          0x08000133   Thumb Code    18  memseta.o(.text)
    __scatterload                            0x08000145   Thumb Code    28  init.o(.text)
    __scatterload_rt2                        0x08000145   Thumb Code     0  init.o(.text)
    LL_GPIO_Init                             0x080001a1   Thumb Code   250  py32f002b_ll_gpio.o(i.LL_GPIO_Init)
    LL_Init1msTick                           0x080002d5   Thumb Code    34  py32f002b_ll_utils.o(i.LL_Init1msTick)
    LL_SetSystemCoreClock                    0x080002fd   Thumb Code     6  py32f002b_ll_utils.o(i.LL_SetSystemCoreClock)
    LL_TIM_Init                              0x08000325   Thumb Code   100  py32f002b_ll_tim.o(i.LL_TIM_Init)
    SystemInit                               0x0800043d   Thumb Code    60  system_py32f002b.o(i.SystemInit)
    System_Clock_Config                      0x08000489   Thumb Code   164  sys.o(i.System_Clock_Config)
    TIM14_IRQHandler                         0x08000535   Thumb Code    70  time.o(i.TIM14_IRQHandler)
    TIM1_BRK_UP_TRG_COM_IRQHandler           0x0800058d   Thumb Code    34  time.o(i.TIM1_BRK_UP_TRG_COM_IRQHandler)
    Timer14_1ms_init                         0x080005b5   Thumb Code    86  time.o(i.Timer14_1ms_init)
    Timer1_10us_init                         0x08000615   Thumb Code    86  time.o(i.Timer1_10us_init)
    __scatterload_copy                       0x08000671   Thumb Code    14  handlers.o(i.__scatterload_copy)
    __scatterload_null                       0x0800067f   Thumb Code     2  handlers.o(i.__scatterload_null)
    __scatterload_zeroinit                   0x08000681   Thumb Code    14  handlers.o(i.__scatterload_zeroinit)
    app_control                              0x08000691   Thumb Code    80  app.o(i.app_control)
    ev1527_exit                              0x080006ed   Thumb Code    24  ev1527.o(i.ev1527_exit)
    ev1527_proc                              0x08000719   Thumb Code   546  ev1527.o(i.ev1527_proc)
    gpio_init                                0x08000965   Thumb Code   236  gpio.o(i.gpio_init)
    main                                     0x08000a55   Thumb Code    24  main.o(i.main)
    Region$$Table$$Base                      0x08000a6c   Number         0  anon$$obj.o(Region$$Table)
    Region$$Table$$Limit                     0x08000a8c   Number         0  anon$$obj.o(Region$$Table)
    SystemCoreClock                          0x20000000   Data           4  system_py32f002b.o(.data)
    f_ev1527                                 0x20000004   Data           1  ev1527.o(.data)
    ev1527_time                              0x20000005   Data           1  ev1527.o(.data)
    ev1527_time_count_down                   0x20000006   Data           1  ev1527.o(.data)
    ev1527_count                             0x20000008   Data           2  ev1527.o(.data)
    ev1527_status                            0x2000000a   Data           1  ev1527.o(.data)
    ev1527_step                              0x2000000b   Data           1  ev1527.o(.data)
    ev1527_data                              0x2000000c   Data           4  ev1527.o(.data)
    ev1527_data_buffer                       0x20000010   Data           4  ev1527.o(.data)
    Flag_1ms                                 0x20000014   Data           1  time.o(.data)
    Count_1s                                 0x20000018   Data           4  time.o(.data)
    Flag_1s                                  0x2000001c   Data           1  time.o(.data)
    __initial_sp                             0x20000420   Data           0  startup_py32f002bxx.o(STACK)



==============================================================================

Memory Map of the image

  Image Entry point : 0x080000c1

  Load Region LR_IROM1 (Base: 0x08000000, Size: 0x00000aac, Max: 0x00006000, ABSOLUTE)

    Execution Region ER_IROM1 (Exec base: 0x08000000, Load base: 0x08000000, Size: 0x00000a8c, Max: 0x00006000, ABSOLUTE)

    Exec Addr    Load Addr    Size         Type   Attr      Idx    E Section Name        Object

    0x08000000   0x08000000   0x000000c0   Data   RO           65    RESET               startup_py32f002bxx.o
    0x080000c0   0x080000c0   0x00000000   Code   RO         1008  * .ARM.Collect$$$$00000000  mc_p.l(entry.o)
    0x080000c0   0x080000c0   0x00000004   Code   RO         1015    .ARM.Collect$$$$00000001  mc_p.l(entry2.o)
    0x080000c4   0x080000c4   0x00000004   Code   RO         1018    .ARM.Collect$$$$00000004  mc_p.l(entry5.o)
    0x080000c8   0x080000c8   0x00000000   Code   RO         1020    .ARM.Collect$$$$00000008  mc_p.l(entry7b.o)
    0x080000c8   0x080000c8   0x00000000   Code   RO         1022    .ARM.Collect$$$$0000000A  mc_p.l(entry8b.o)
    0x080000c8   0x080000c8   0x00000008   Code   RO         1023    .ARM.Collect$$$$0000000B  mc_p.l(entry9a.o)
    0x080000d0   0x080000d0   0x00000004   Code   RO         1030    .ARM.Collect$$$$0000000E  mc_p.l(entry12b.o)
    0x080000d4   0x080000d4   0x00000000   Code   RO         1025    .ARM.Collect$$$$0000000F  mc_p.l(entry10a.o)
    0x080000d4   0x080000d4   0x00000000   Code   RO         1027    .ARM.Collect$$$$00000011  mc_p.l(entry11a.o)
    0x080000d4   0x080000d4   0x00000004   Code   RO         1016    .ARM.Collect$$$$00002712  mc_p.l(entry2.o)
    0x080000d8   0x080000d8   0x0000001c   Code   RO           66    .text               startup_py32f002bxx.o
    0x080000f4   0x080000f4   0x0000002c   Code   RO         1011    .text               mc_p.l(uidiv.o)
    0x08000120   0x08000120   0x00000024   Code   RO         1013    .text               mc_p.l(memseta.o)
    0x08000144   0x08000144   0x00000024   Code   RO         1031    .text               mc_p.l(init.o)
    0x08000168   0x08000168   0x0000001c   Code   RO            3    i.DelayTime         system_py32f002b.o
    0x08000184   0x08000184   0x0000001c   Code   RO          300    i.LL_APB1_GRP2_EnableClock  time.o
    0x080001a0   0x080001a0   0x000000fa   Code   RO          616    i.LL_GPIO_Init      py32f002b_ll_gpio.o
    0x0800029a   0x0800029a   0x00000012   Code   RO          259    i.LL_GPIO_IsInputPinSet  ev1527.o
    0x080002ac   0x080002ac   0x00000004   Code   RO          163    i.LL_GPIO_SetOutputPin  gpio.o
    0x080002b0   0x080002b0   0x00000008   Code   RO          229    i.LL_GPIO_TogglePin  app.o
    0x080002b8   0x080002b8   0x0000001c   Code   RO          164    i.LL_IOP_GRP1_EnableClock  gpio.o
    0x080002d4   0x080002d4   0x00000028   Code   RO          663    i.LL_Init1msTick    py32f002b_ll_utils.o
    0x080002fc   0x080002fc   0x0000000c   Code   RO          665    i.LL_SetSystemCoreClock  py32f002b_ll_utils.o
    0x08000308   0x08000308   0x00000008   Code   RO          301    i.LL_TIM_ClearFlag_UPDATE  time.o
    0x08000310   0x08000310   0x0000000a   Code   RO          302    i.LL_TIM_EnableCounter  time.o
    0x0800031a   0x0800031a   0x0000000a   Code   RO          303    i.LL_TIM_EnableIT_UPDATE  time.o
    0x08000324   0x08000324   0x0000006c   Code   RO          725    i.LL_TIM_Init       py32f002b_ll_tim.o
    0x08000390   0x08000390   0x00000010   Code   RO          304    i.LL_TIM_IsActiveFlag_UPDATE  time.o
    0x080003a0   0x080003a0   0x00000010   Code   RO          305    i.LL_TIM_IsEnabledIT_UPDATE  time.o
    0x080003b0   0x080003b0   0x00000014   Code   RO          306    i.NVIC_EnableIRQ    time.o
    0x080003c4   0x080003c4   0x00000078   Code   RO          307    i.NVIC_SetPriority  time.o
    0x0800043c   0x0800043c   0x0000004c   Code   RO            5    i.SystemInit        system_py32f002b.o
    0x08000488   0x08000488   0x000000ac   Code   RO          201    i.System_Clock_Config  sys.o
    0x08000534   0x08000534   0x00000058   Code   RO          308    i.TIM14_IRQHandler  time.o
    0x0800058c   0x0800058c   0x00000028   Code   RO          309    i.TIM1_BRK_UP_TRG_COM_IRQHandler  time.o
    0x080005b4   0x080005b4   0x00000060   Code   RO          310    i.Timer14_1ms_init  time.o
    0x08000614   0x08000614   0x0000005c   Code   RO          311    i.Timer1_10us_init  time.o
    0x08000670   0x08000670   0x0000000e   Code   RO         1035    i.__scatterload_copy  mc_p.l(handlers.o)
    0x0800067e   0x0800067e   0x00000002   Code   RO         1036    i.__scatterload_null  mc_p.l(handlers.o)
    0x08000680   0x08000680   0x0000000e   Code   RO         1037    i.__scatterload_zeroinit  mc_p.l(handlers.o)
    0x0800068e   0x0800068e   0x00000002   PAD
    0x08000690   0x08000690   0x0000005c   Code   RO          230    i.app_control       app.o
    0x080006ec   0x080006ec   0x0000002c   Code   RO          260    i.ev1527_exit       ev1527.o
    0x08000718   0x08000718   0x0000024c   Code   RO          261    i.ev1527_proc       ev1527.o
    0x08000964   0x08000964   0x000000f0   Code   RO          165    i.gpio_init         gpio.o
    0x08000a54   0x08000a54   0x00000018   Code   RO           72    i.main              main.o
    0x08000a6c   0x08000a6c   0x00000020   Data   RO         1033    Region$$Table       anon$$obj.o


    Execution Region RW_IRAM1 (Exec base: 0x20000000, Load base: 0x08000a8c, Size: 0x00000420, Max: 0x00000c00, ABSOLUTE)

    Exec Addr    Load Addr    Size         Type   Attr      Idx    E Section Name        Object

    0x20000000   0x08000a8c   0x00000004   Data   RW            7    .data               system_py32f002b.o
    0x20000004   0x08000a90   0x00000010   Data   RW          263    .data               ev1527.o
    0x20000014   0x08000aa0   0x00000009   Data   RW          313    .data               time.o
    0x2000001d   0x08000aa9   0x00000003   PAD
    0x20000020        -       0x00000400   Zero   RW           63    STACK               startup_py32f002bxx.o


==============================================================================

Image component sizes


      Code (inc. data)   RO Data    RW Data    ZI Data      Debug   Object Name

       100         12          0          0          0       5286   app.o
       650         62          0         16          0       6840   ev1527.o
       272          8          0          0          0       8612   gpio.o
        24          0          0          0          0      22271   main.o
       250          0          0          0          0       7379   py32f002b_ll_gpio.o
       108          8          0          0          0      26926   py32f002b_ll_tim.o
        52         12          0          0          0       2349   py32f002b_ll_utils.o
        28          8        192          0       1024        632   startup_py32f002bxx.o
       172          8          0          0          0      12690   sys.o
       104         20          0          4          0     128496   system_py32f002b.o
       544         60          0          9          0      34822   time.o

    ----------------------------------------------------------------------
      2304        198        224         32       1024     256303   Object Totals
         0          0         32          0          0          0   (incl. Generated)
         0          0          0          3          0          0   (incl. Padding)

    ----------------------------------------------------------------------

      Code (inc. data)   RO Data    RW Data    ZI Data      Debug   Library Member Name

         0          0          0          0          0          0   entry.o
         0          0          0          0          0          0   entry10a.o
         0          0          0          0          0          0   entry11a.o
         4          0          0          0          0          0   entry12b.o
         8          4          0          0          0          0   entry2.o
         4          0          0          0          0          0   entry5.o
         0          0          0          0          0          0   entry7b.o
         0          0          0          0          0          0   entry8b.o
         8          4          0          0          0          0   entry9a.o
        30          0          0          0          0          0   handlers.o
        36          8          0          0          0         68   init.o
        36          0          0          0          0        100   memseta.o
        44          0          0          0          0         72   uidiv.o

    ----------------------------------------------------------------------
       172         16          0          0          0        240   Library Totals
         2          0          0          0          0          0   (incl. Padding)

    ----------------------------------------------------------------------

      Code (inc. data)   RO Data    RW Data    ZI Data      Debug   Library Name

       170         16          0          0          0        240   mc_p.l

    ----------------------------------------------------------------------
       172         16          0          0          0        240   Library Totals

    ----------------------------------------------------------------------

==============================================================================


      Code (inc. data)   RO Data    RW Data    ZI Data      Debug   

      2476        214        224         32       1024     255507   Grand Totals
      2476        214        224         32       1024     255507   ELF Image Totals
      2476        214        224         32          0          0   ROM Totals

==============================================================================

    Total RO  Size (Code + RO Data)                 2700 (   2.64kB)
    Total RW  Size (RW Data + ZI Data)              1056 (   1.03kB)
    Total ROM Size (Code + RO Data + RW Data)       2732 (   2.67kB)

==============================================================================

