Component: ARM Compiler 5.06 update 7 (build 960) Tool: armlink [4d3601]

==============================================================================

Section Cross References

    startup_py32f002bxx.o(RESET) refers to startup_py32f002bxx.o(STACK) for __initial_sp
    startup_py32f002bxx.o(RESET) refers to startup_py32f002bxx.o(.text) for Reset_Handler
    startup_py32f002bxx.o(RESET) refers to time.o(i.TIM1_BRK_UP_TRG_COM_IRQHandler) for TIM1_BRK_UP_TRG_COM_IRQHandler
    startup_py32f002bxx.o(RESET) refers to time.o(i.TIM14_IRQHandler) for TIM14_IRQHandler
    startup_py32f002bxx.o(RESET) refers to uart.o(i.USART1_IRQHandler) for USART1_IRQHandler
    startup_py32f002bxx.o(.text) refers to system_py32f002b.o(i.SystemInit) for SystemInit
    startup_py32f002bxx.o(.text) refers to entry.o(.ARM.Collect$$$$00000000) for __main
    system_py32f002b.o(i.SystemCoreClockUpdate) refers to uidiv.o(.text) for __aeabi_uidivmod
    system_py32f002b.o(i.SystemCoreClockUpdate) refers to system_py32f002b.o(.data) for SystemCoreClock
    system_py32f002b.o(i.SystemCoreClockUpdate) refers to system_py32f002b.o(.constdata) for HSIFreqTable
    system_py32f002b.o(i.SystemInit) refers to system_py32f002b.o(i.DelayTime) for DelayTime
    main.o(i.main) refers to sys.o(i.System_Clock_Config) for System_Clock_Config
    main.o(i.main) refers to gpio.o(i.gpio_init) for gpio_init
    main.o(i.main) refers to time.o(i.Timer14_1ms_init) for Timer14_1ms_init
    main.o(i.main) refers to time.o(i.Timer1_10us_init) for Timer1_10us_init
    main.o(i.main) refers to uart.o(i.uart_init) for uart_init
    main.o(i.main) refers to speak.o(i.SPEAKING) for SPEAKING
    main.o(i.main) refers to py32f002b_ll_utils.o(i.LL_mDelay) for LL_mDelay
    main.o(i.main) refers to flash.o(i.flash_read_buf) for flash_read_buf
    main.o(i.main) refers to app.o(i.APP_Get_Flash_Init_Data) for APP_Get_Flash_Init_Data
    main.o(i.main) refers to flash.o(i.Flash_update_process) for Flash_update_process
    main.o(i.main) refers to app.o(i.APP_Control) for APP_Control
    main.o(i.main) refers to flash.o(.bss) for DATA
    gpio.o(i.gpio_init) refers to gpio.o(i.LL_IOP_GRP1_EnableClock) for LL_IOP_GRP1_EnableClock
    gpio.o(i.gpio_init) refers to memseta.o(.text) for __aeabi_memclr4
    gpio.o(i.gpio_init) refers to py32f002b_ll_gpio.o(i.LL_GPIO_Init) for LL_GPIO_Init
    gpio.o(i.gpio_init) refers to gpio.o(i.LL_GPIO_SetOutputPin) for LL_GPIO_SetOutputPin
    sys.o(i.System_Clock_Config) refers to py32f002b_ll_utils.o(i.LL_Init1msTick) for LL_Init1msTick
    sys.o(i.System_Clock_Config) refers to py32f002b_ll_utils.o(i.LL_SetSystemCoreClock) for LL_SetSystemCoreClock
    app.o(i.APP_Control) refers to app.o(i.APP_Key_Scan) for APP_Key_Scan
    app.o(i.APP_Control) refers to app.o(i.APP_Remote_control) for APP_Remote_control
    app.o(i.APP_Control) refers to flash.o(i.Flash_update_process) for Flash_update_process
    app.o(i.APP_Control) refers to speak.o(i.SPEAKING) for SPEAKING
    app.o(i.APP_Control) refers to time.o(.data) for Flag_1ms
    app.o(i.APP_Control) refers to app.o(.data) for Flash_update_flag
    app.o(i.APP_Control) refers to app.o(.bss) for Remoted_Device_Address
    app.o(i.APP_Control) refers to flash.o(.bss) for DATA
    app.o(i.APP_Get_Flash_Init_Data) refers to flash.o(.bss) for DATA
    app.o(i.APP_Get_Flash_Init_Data) refers to app.o(.bss) for Remoted_Device_Address
    app.o(i.APP_Key_Scan) refers to app.o(i.__ARM_common_switch8) for __ARM_common_switch8
    app.o(i.APP_Key_Scan) refers to app.o(i.APP_LED_ALL_OFF) for APP_LED_ALL_OFF
    app.o(i.APP_Key_Scan) refers to app.o(i.LL_GPIO_IsInputPinSet) for LL_GPIO_IsInputPinSet
    app.o(i.APP_Key_Scan) refers to app.o(i.APP_LED_ALL_ON) for APP_LED_ALL_ON
    app.o(i.APP_Key_Scan) refers to speak.o(i.SPEAKING) for SPEAKING
    app.o(i.APP_Key_Scan) refers to app.o(i.LL_GPIO_ResetOutputPin) for LL_GPIO_ResetOutputPin
    app.o(i.APP_Key_Scan) refers to app.o(.data) for Wait_count
    app.o(i.APP_Key_Scan) refers to ev1527.o(.data) for Final_Data_ev1527
    app.o(i.APP_Key_Scan) refers to app.o(.bss) for Remoted_Device_Address
    app.o(i.APP_Key_Scan) refers to flash.o(.bss) for DATA
    app.o(i.APP_LED_ALL_OFF) refers to app.o(i.LL_GPIO_SetOutputPin) for LL_GPIO_SetOutputPin
    app.o(i.APP_LED_ALL_ON) refers to app.o(i.LL_GPIO_ResetOutputPin) for LL_GPIO_ResetOutputPin
    app.o(i.APP_Remote_control) refers to speak.o(i.SPEAKING) for SPEAKING
    app.o(i.APP_Remote_control) refers to app.o(i.__ARM_common_switch8) for __ARM_common_switch8
    app.o(i.APP_Remote_control) refers to app.o(.data) for OK_2_warning_count
    app.o(i.APP_Remote_control) refers to app.o(.bss) for Remoted_Device_Address
    app.o(i.APP_Remote_control) refers to ev1527.o(.data) for Final_Data_ev1527
    time.o(i.TIM14_IRQHandler) refers to time.o(i.LL_TIM_IsActiveFlag_UPDATE) for LL_TIM_IsActiveFlag_UPDATE
    time.o(i.TIM14_IRQHandler) refers to time.o(i.LL_TIM_IsEnabledIT_UPDATE) for LL_TIM_IsEnabledIT_UPDATE
    time.o(i.TIM14_IRQHandler) refers to time.o(i.LL_TIM_ClearFlag_UPDATE) for LL_TIM_ClearFlag_UPDATE
    time.o(i.TIM14_IRQHandler) refers to time.o(.data) for Flag_1ms
    time.o(i.TIM1_BRK_UP_TRG_COM_IRQHandler) refers to time.o(i.LL_TIM_IsActiveFlag_UPDATE) for LL_TIM_IsActiveFlag_UPDATE
    time.o(i.TIM1_BRK_UP_TRG_COM_IRQHandler) refers to time.o(i.LL_TIM_IsEnabledIT_UPDATE) for LL_TIM_IsEnabledIT_UPDATE
    time.o(i.TIM1_BRK_UP_TRG_COM_IRQHandler) refers to time.o(i.LL_TIM_ClearFlag_UPDATE) for LL_TIM_ClearFlag_UPDATE
    time.o(i.TIM1_BRK_UP_TRG_COM_IRQHandler) refers to ev1527.o(i.ev1527_proc) for ev1527_proc
    time.o(i.Timer14_1ms_init) refers to time.o(i.LL_APB1_GRP2_EnableClock) for LL_APB1_GRP2_EnableClock
    time.o(i.Timer14_1ms_init) refers to memseta.o(.text) for __aeabi_memclr4
    time.o(i.Timer14_1ms_init) refers to py32f002b_ll_tim.o(i.LL_TIM_Init) for LL_TIM_Init
    time.o(i.Timer14_1ms_init) refers to time.o(i.LL_TIM_ClearFlag_UPDATE) for LL_TIM_ClearFlag_UPDATE
    time.o(i.Timer14_1ms_init) refers to time.o(i.LL_TIM_EnableIT_UPDATE) for LL_TIM_EnableIT_UPDATE
    time.o(i.Timer14_1ms_init) refers to time.o(i.LL_TIM_EnableCounter) for LL_TIM_EnableCounter
    time.o(i.Timer14_1ms_init) refers to time.o(i.NVIC_EnableIRQ) for NVIC_EnableIRQ
    time.o(i.Timer14_1ms_init) refers to time.o(i.NVIC_SetPriority) for NVIC_SetPriority
    time.o(i.Timer1_10us_init) refers to time.o(i.LL_APB1_GRP2_EnableClock) for LL_APB1_GRP2_EnableClock
    time.o(i.Timer1_10us_init) refers to memseta.o(.text) for __aeabi_memclr4
    time.o(i.Timer1_10us_init) refers to py32f002b_ll_tim.o(i.LL_TIM_Init) for LL_TIM_Init
    time.o(i.Timer1_10us_init) refers to time.o(i.LL_TIM_ClearFlag_UPDATE) for LL_TIM_ClearFlag_UPDATE
    time.o(i.Timer1_10us_init) refers to time.o(i.LL_TIM_EnableIT_UPDATE) for LL_TIM_EnableIT_UPDATE
    time.o(i.Timer1_10us_init) refers to time.o(i.LL_TIM_EnableCounter) for LL_TIM_EnableCounter
    time.o(i.Timer1_10us_init) refers to time.o(i.NVIC_EnableIRQ) for NVIC_EnableIRQ
    time.o(i.Timer1_10us_init) refers to time.o(i.NVIC_SetPriority) for NVIC_SetPriority
    uart.o(i.USART1_IRQHandler) refers to uart.o(.data) for rx_data
    uart.o(i.uart_init) refers to memseta.o(.text) for __aeabi_memclr4
    uart.o(i.uart_init) refers to py32f002b_ll_gpio.o(i.LL_GPIO_Init) for LL_GPIO_Init
    uart.o(i.uart_init) refers to uart.o(i.NVIC_SetPriority) for NVIC_SetPriority
    uart.o(i.uart_init) refers to py32f002b_ll_usart.o(i.LL_USART_Init) for LL_USART_Init
    speak.o(i.SPEAKING) refers to speak.o(i.LL_GPIO_ResetOutputPin) for LL_GPIO_ResetOutputPin
    speak.o(i.SPEAKING) refers to py32f002b_ll_utils.o(i.LL_mDelay) for LL_mDelay
    speak.o(i.SPEAKING) refers to speak.o(i.delay100us) for delay100us
    ev1527.o(i.ev1527_exit) refers to ev1527.o(.data) for ev1527_count
    ev1527.o(i.ev1527_proc) refers to ev1527.o(i.LL_GPIO_IsInputPinSet) for LL_GPIO_IsInputPinSet
    ev1527.o(i.ev1527_proc) refers to ev1527.o(i.ev1527_exit) for ev1527_exit
    ev1527.o(i.ev1527_proc) refers to ev1527.o(.data) for ev1527_time_count_down
    flash.o(i.Flash_Check_If_Blank) refers to flash.o(i.APP_ErrorHandler) for APP_ErrorHandler
    flash.o(i.Flash_Erase_process) refers to flash.o(i.LL_FLASH_IsActiveFlag_BUSY) for LL_FLASH_IsActiveFlag_BUSY
    flash.o(i.Flash_Erase_process) refers to flash.o(i.LL_FLASH_EnableIT_EOP) for LL_FLASH_EnableIT_EOP
    flash.o(i.Flash_Erase_process) refers to flash.o(i.LL_FLASH_IsActiveFlag_EOP) for LL_FLASH_IsActiveFlag_EOP
    flash.o(i.Flash_Erase_process) refers to flash.o(i.LL_FLASH_DisableIT_EOP) for LL_FLASH_DisableIT_EOP
    flash.o(i.Flash_Verify) refers to flash.o(i.APP_ErrorHandler) for APP_ErrorHandler
    flash.o(i.Flash_Verify) refers to flash.o(.bss) for DATA
    flash.o(i.Flash_Write_process) refers to flash.o(i.LL_FLASH_IsActiveFlag_BUSY) for LL_FLASH_IsActiveFlag_BUSY
    flash.o(i.Flash_Write_process) refers to flash.o(i.LL_FLASH_EnableIT_EOP) for LL_FLASH_EnableIT_EOP
    flash.o(i.Flash_Write_process) refers to flash.o(i.LL_FLASH_PageProgram) for LL_FLASH_PageProgram
    flash.o(i.Flash_Write_process) refers to flash.o(i.LL_FLASH_IsActiveFlag_EOP) for LL_FLASH_IsActiveFlag_EOP
    flash.o(i.Flash_Write_process) refers to flash.o(i.LL_FLASH_DisableIT_EOP) for LL_FLASH_DisableIT_EOP
    flash.o(i.Flash_Write_process) refers to flash.o(.bss) for DATA
    flash.o(i.Flash_update_process) refers to flash.o(i.Flash_Erase_process) for Flash_Erase_process
    flash.o(i.Flash_update_process) refers to flash.o(i.Flash_Check_If_Blank) for Flash_Check_If_Blank
    flash.o(i.Flash_update_process) refers to flash.o(i.Flash_Write_process) for Flash_Write_process
    flash.o(i.Flash_update_process) refers to flash.o(i.Flash_Verify) for Flash_Verify
    py32f002bxx_ll_start_kit.o(i.BSP_LED_DeInit) refers to py32f002bxx_ll_start_kit.o(i.LL_GPIO_ResetOutputPin) for LL_GPIO_ResetOutputPin
    py32f002bxx_ll_start_kit.o(i.BSP_LED_DeInit) refers to py32f002bxx_ll_start_kit.o(i.LL_GPIO_SetPinMode) for LL_GPIO_SetPinMode
    py32f002bxx_ll_start_kit.o(i.BSP_LED_DeInit) refers to py32f002bxx_ll_start_kit.o(.constdata) for LED_PIN
    py32f002bxx_ll_start_kit.o(i.BSP_LED_DeInit) refers to py32f002bxx_ll_start_kit.o(.data) for LED_PORT
    py32f002bxx_ll_start_kit.o(i.BSP_LED_Init) refers to py32f002bxx_ll_start_kit.o(i.LL_IOP_GRP1_EnableClock) for LL_IOP_GRP1_EnableClock
    py32f002bxx_ll_start_kit.o(i.BSP_LED_Init) refers to py32f002bxx_ll_start_kit.o(i.LL_GPIO_SetPinMode) for LL_GPIO_SetPinMode
    py32f002bxx_ll_start_kit.o(i.BSP_LED_Init) refers to py32f002bxx_ll_start_kit.o(i.LL_GPIO_SetOutputPin) for LL_GPIO_SetOutputPin
    py32f002bxx_ll_start_kit.o(i.BSP_LED_Init) refers to py32f002bxx_ll_start_kit.o(.constdata) for LED_PIN
    py32f002bxx_ll_start_kit.o(i.BSP_LED_Init) refers to py32f002bxx_ll_start_kit.o(.data) for LED_PORT
    py32f002bxx_ll_start_kit.o(i.BSP_LED_Off) refers to py32f002bxx_ll_start_kit.o(i.LL_GPIO_SetOutputPin) for LL_GPIO_SetOutputPin
    py32f002bxx_ll_start_kit.o(i.BSP_LED_Off) refers to py32f002bxx_ll_start_kit.o(.constdata) for LED_PIN
    py32f002bxx_ll_start_kit.o(i.BSP_LED_Off) refers to py32f002bxx_ll_start_kit.o(.data) for LED_PORT
    py32f002bxx_ll_start_kit.o(i.BSP_LED_On) refers to py32f002bxx_ll_start_kit.o(i.LL_GPIO_ResetOutputPin) for LL_GPIO_ResetOutputPin
    py32f002bxx_ll_start_kit.o(i.BSP_LED_On) refers to py32f002bxx_ll_start_kit.o(.constdata) for LED_PIN
    py32f002bxx_ll_start_kit.o(i.BSP_LED_On) refers to py32f002bxx_ll_start_kit.o(.data) for LED_PORT
    py32f002bxx_ll_start_kit.o(i.BSP_LED_Toggle) refers to py32f002bxx_ll_start_kit.o(.data) for LED_PORT
    py32f002bxx_ll_start_kit.o(i.BSP_LED_Toggle) refers to py32f002bxx_ll_start_kit.o(.constdata) for LED_PIN
    py32f002bxx_ll_start_kit.o(i.BSP_PB_DeInit) refers to py32f002bxx_ll_start_kit.o(i.LL_GPIO_SetPinMode) for LL_GPIO_SetPinMode
    py32f002bxx_ll_start_kit.o(i.BSP_PB_DeInit) refers to py32f002bxx_ll_start_kit.o(.constdata) for BUTTON_IRQn
    py32f002bxx_ll_start_kit.o(i.BSP_PB_DeInit) refers to py32f002bxx_ll_start_kit.o(.data) for BUTTON_PORT
    py32f002bxx_ll_start_kit.o(i.BSP_PB_GetState) refers to py32f002bxx_ll_start_kit.o(.data) for BUTTON_PORT
    py32f002bxx_ll_start_kit.o(i.BSP_PB_GetState) refers to py32f002bxx_ll_start_kit.o(.constdata) for BUTTON_PIN
    py32f002bxx_ll_start_kit.o(i.BSP_PB_Init) refers to py32f002bxx_ll_start_kit.o(i.LL_IOP_GRP1_EnableClock) for LL_IOP_GRP1_EnableClock
    py32f002bxx_ll_start_kit.o(i.BSP_PB_Init) refers to py32f002bxx_ll_start_kit.o(i.LL_GPIO_SetPinMode) for LL_GPIO_SetPinMode
    py32f002bxx_ll_start_kit.o(i.BSP_PB_Init) refers to py32f002bxx_ll_start_kit.o(i.LL_GPIO_SetPinPull) for LL_GPIO_SetPinPull
    py32f002bxx_ll_start_kit.o(i.BSP_PB_Init) refers to py32f002bxx_ll_start_kit.o(i.NVIC_SetPriority) for NVIC_SetPriority
    py32f002bxx_ll_start_kit.o(i.BSP_PB_Init) refers to py32f002bxx_ll_start_kit.o(.constdata) for BUTTON_PIN
    py32f002bxx_ll_start_kit.o(i.BSP_PB_Init) refers to py32f002bxx_ll_start_kit.o(.data) for BUTTON_PORT
    py32f002bxx_ll_start_kit.o(i.BSP_USART_Config) refers to py32f002bxx_ll_start_kit.o(i.LL_USART_SetBaudRate) for LL_USART_SetBaudRate
    py32f002bxx_ll_start_kit.o(i.BSP_USART_Config) refers to py32f002bxx_ll_start_kit.o(i.LL_IOP_GRP1_EnableClock) for LL_IOP_GRP1_EnableClock
    py32f002bxx_ll_start_kit.o(i.BSP_USART_Config) refers to py32f002bxx_ll_start_kit.o(i.LL_GPIO_SetPinMode) for LL_GPIO_SetPinMode
    py32f002bxx_ll_start_kit.o(i.BSP_USART_Config) refers to py32f002bxx_ll_start_kit.o(i.LL_GPIO_SetPinSpeed) for LL_GPIO_SetPinSpeed
    py32f002bxx_ll_start_kit.o(i.BSP_USART_Config) refers to py32f002bxx_ll_start_kit.o(i.LL_GPIO_SetPinPull) for LL_GPIO_SetPinPull
    py32f002bxx_ll_start_kit.o(i.BSP_USART_Config) refers to py32f002bxx_ll_start_kit.o(i.LL_GPIO_SetAFPin_0_7) for LL_GPIO_SetAFPin_0_7
    py32f002bxx_ll_start_kit.o(i.BSP_USART_Config) refers to system_py32f002b.o(.data) for SystemCoreClock
    py32f002bxx_ll_start_kit.o(i.LL_USART_SetBaudRate) refers to uidiv.o(.text) for __aeabi_uidivmod
    py32f002b_ll_adc.o(i.LL_ADC_DeInit) refers to py32f002b_ll_adc.o(i.LL_ADC_IsEnabled) for LL_ADC_IsEnabled
    py32f002b_ll_adc.o(i.LL_ADC_DeInit) refers to py32f002b_ll_adc.o(i.LL_ADC_REG_IsStopConversionOngoing) for LL_ADC_REG_IsStopConversionOngoing
    py32f002b_ll_adc.o(i.LL_ADC_Init) refers to py32f002b_ll_adc.o(i.LL_ADC_IsEnabled) for LL_ADC_IsEnabled
    py32f002b_ll_adc.o(i.LL_ADC_REG_Init) refers to py32f002b_ll_adc.o(i.LL_ADC_IsEnabled) for LL_ADC_IsEnabled
    py32f002b_ll_gpio.o(i.LL_GPIO_DeInit) refers to py32f002b_ll_gpio.o(i.LL_IOP_GRP1_ForceReset) for LL_IOP_GRP1_ForceReset
    py32f002b_ll_gpio.o(i.LL_GPIO_DeInit) refers to py32f002b_ll_gpio.o(i.LL_IOP_GRP1_ReleaseReset) for LL_IOP_GRP1_ReleaseReset
    py32f002b_ll_utils.o(i.LL_Init1msTick) refers to uidiv.o(.text) for __aeabi_uidivmod
    py32f002b_ll_utils.o(i.LL_SetSystemCoreClock) refers to system_py32f002b.o(.data) for SystemCoreClock
    py32f002b_ll_tim.o(i.LL_TIM_DeInit) refers to py32f002b_ll_tim.o(i.LL_APB1_GRP2_ForceReset) for LL_APB1_GRP2_ForceReset
    py32f002b_ll_tim.o(i.LL_TIM_DeInit) refers to py32f002b_ll_tim.o(i.LL_APB1_GRP2_ReleaseReset) for LL_APB1_GRP2_ReleaseReset
    py32f002b_ll_tim.o(i.LL_TIM_HALLSENSOR_Init) refers to py32f002b_ll_tim.o(i.LL_TIM_OC_SetCompareCH2) for LL_TIM_OC_SetCompareCH2
    py32f002b_ll_tim.o(i.LL_TIM_IC_Init) refers to py32f002b_ll_tim.o(i.IC1Config) for IC1Config
    py32f002b_ll_tim.o(i.LL_TIM_IC_Init) refers to py32f002b_ll_tim.o(i.IC2Config) for IC2Config
    py32f002b_ll_tim.o(i.LL_TIM_IC_Init) refers to py32f002b_ll_tim.o(i.IC3Config) for IC3Config
    py32f002b_ll_tim.o(i.LL_TIM_IC_Init) refers to py32f002b_ll_tim.o(i.IC4Config) for IC4Config
    py32f002b_ll_tim.o(i.LL_TIM_OC_Init) refers to py32f002b_ll_tim.o(i.OC1Config) for OC1Config
    py32f002b_ll_tim.o(i.LL_TIM_OC_Init) refers to py32f002b_ll_tim.o(i.OC2Config) for OC2Config
    py32f002b_ll_tim.o(i.LL_TIM_OC_Init) refers to py32f002b_ll_tim.o(i.OC3Config) for OC3Config
    py32f002b_ll_tim.o(i.LL_TIM_OC_Init) refers to py32f002b_ll_tim.o(i.OC4Config) for OC4Config
    py32f002b_ll_tim.o(i.OC2Config) refers to py32f002b_ll_tim.o(i.LL_TIM_OC_SetCompareCH2) for LL_TIM_OC_SetCompareCH2
    py32f002b_ll_usart.o(i.LL_USART_ClockInit) refers to py32f002b_ll_usart.o(i.LL_USART_IsEnabled) for LL_USART_IsEnabled
    py32f002b_ll_usart.o(i.LL_USART_Init) refers to py32f002b_ll_usart.o(i.LL_USART_IsEnabled) for LL_USART_IsEnabled
    py32f002b_ll_usart.o(i.LL_USART_Init) refers to py32f002b_ll_rcc.o(i.LL_RCC_GetSystemClocksFreq) for LL_RCC_GetSystemClocksFreq
    py32f002b_ll_usart.o(i.LL_USART_Init) refers to py32f002b_ll_usart.o(i.LL_USART_SetBaudRate) for LL_USART_SetBaudRate
    py32f002b_ll_usart.o(i.LL_USART_SetBaudRate) refers to uidiv.o(.text) for __aeabi_uidivmod
    py32f002b_ll_rcc.o(i.LL_RCC_DeInit) refers to py32f002b_ll_rcc.o(i.LL_RCC_GetSysClkSource) for LL_RCC_GetSysClkSource
    py32f002b_ll_rcc.o(i.LL_RCC_GetCOMPClockFreq) refers to py32f002b_ll_rcc.o(i.LL_RCC_GetCOMPClockSource) for LL_RCC_GetCOMPClockSource
    py32f002b_ll_rcc.o(i.LL_RCC_GetCOMPClockFreq) refers to py32f002b_ll_rcc.o(i.LL_RCC_GetLSCClockFreq) for LL_RCC_GetLSCClockFreq
    py32f002b_ll_rcc.o(i.LL_RCC_GetCOMPClockFreq) refers to py32f002b_ll_rcc.o(i.RCC_GetSystemClockFreq) for RCC_GetSystemClockFreq
    py32f002b_ll_rcc.o(i.LL_RCC_GetCOMPClockFreq) refers to py32f002b_ll_rcc.o(i.RCC_GetHCLKClockFreq) for RCC_GetHCLKClockFreq
    py32f002b_ll_rcc.o(i.LL_RCC_GetCOMPClockFreq) refers to py32f002b_ll_rcc.o(i.RCC_GetPCLK1ClockFreq) for RCC_GetPCLK1ClockFreq
    py32f002b_ll_rcc.o(i.LL_RCC_GetLPTIMClockFreq) refers to py32f002b_ll_rcc.o(i.LL_RCC_LSI_IsReady) for LL_RCC_LSI_IsReady
    py32f002b_ll_rcc.o(i.LL_RCC_GetLPTIMClockFreq) refers to py32f002b_ll_rcc.o(i.LL_RCC_LSE_IsReady) for LL_RCC_LSE_IsReady
    py32f002b_ll_rcc.o(i.LL_RCC_GetLPTIMClockFreq) refers to py32f002b_ll_rcc.o(i.RCC_GetSystemClockFreq) for RCC_GetSystemClockFreq
    py32f002b_ll_rcc.o(i.LL_RCC_GetLPTIMClockFreq) refers to py32f002b_ll_rcc.o(i.RCC_GetHCLKClockFreq) for RCC_GetHCLKClockFreq
    py32f002b_ll_rcc.o(i.LL_RCC_GetLPTIMClockFreq) refers to py32f002b_ll_rcc.o(i.RCC_GetPCLK1ClockFreq) for RCC_GetPCLK1ClockFreq
    py32f002b_ll_rcc.o(i.LL_RCC_GetLSCClockFreq) refers to py32f002b_ll_rcc.o(i.LL_RCC_LSE_IsReady) for LL_RCC_LSE_IsReady
    py32f002b_ll_rcc.o(i.LL_RCC_GetLSCClockFreq) refers to py32f002b_ll_rcc.o(i.LL_RCC_LSI_IsReady) for LL_RCC_LSI_IsReady
    py32f002b_ll_rcc.o(i.LL_RCC_GetMCOClockFreq) refers to py32f002b_ll_rcc.o(i.LL_RCC_LSI_IsReady) for LL_RCC_LSI_IsReady
    py32f002b_ll_rcc.o(i.LL_RCC_GetMCOClockFreq) refers to py32f002b_ll_rcc.o(i.LL_RCC_LSE_IsReady) for LL_RCC_LSE_IsReady
    py32f002b_ll_rcc.o(i.LL_RCC_GetMCOClockFreq) refers to uidiv.o(.text) for __aeabi_uidivmod
    py32f002b_ll_rcc.o(i.LL_RCC_GetMCOClockFreq) refers to system_py32f002b.o(.data) for SystemCoreClock
    py32f002b_ll_rcc.o(i.LL_RCC_GetMCOClockFreq) refers to system_py32f002b.o(.constdata) for HSIFreqTable
    py32f002b_ll_rcc.o(i.LL_RCC_GetSystemClocksFreq) refers to py32f002b_ll_rcc.o(i.RCC_GetSystemClockFreq) for RCC_GetSystemClockFreq
    py32f002b_ll_rcc.o(i.LL_RCC_GetSystemClocksFreq) refers to py32f002b_ll_rcc.o(i.RCC_GetHCLKClockFreq) for RCC_GetHCLKClockFreq
    py32f002b_ll_rcc.o(i.LL_RCC_GetSystemClocksFreq) refers to py32f002b_ll_rcc.o(i.RCC_GetPCLK1ClockFreq) for RCC_GetPCLK1ClockFreq
    py32f002b_ll_rcc.o(i.RCC_GetHCLKClockFreq) refers to system_py32f002b.o(.constdata) for AHBPrescTable
    py32f002b_ll_rcc.o(i.RCC_GetPCLK1ClockFreq) refers to system_py32f002b.o(.constdata) for APBPrescTable
    py32f002b_ll_rcc.o(i.RCC_GetSystemClockFreq) refers to py32f002b_ll_rcc.o(i.LL_RCC_GetSysClkSource) for LL_RCC_GetSysClkSource
    py32f002b_ll_rcc.o(i.RCC_GetSystemClockFreq) refers to uidiv.o(.text) for __aeabi_uidivmod
    py32f002b_ll_rcc.o(i.RCC_GetSystemClockFreq) refers to system_py32f002b.o(.constdata) for HSIFreqTable
    entry.o(.ARM.Collect$$$$00000000) refers (Special) to entry10a.o(.ARM.Collect$$$$0000000F) for __rt_final_cpp
    entry.o(.ARM.Collect$$$$00000000) refers (Special) to entry11a.o(.ARM.Collect$$$$00000011) for __rt_final_exit
    entry.o(.ARM.Collect$$$$00000000) refers (Special) to entry12b.o(.ARM.Collect$$$$0000000E) for __rt_lib_shutdown_fini
    entry.o(.ARM.Collect$$$$00000000) refers (Special) to entry7b.o(.ARM.Collect$$$$00000008) for _main_clock
    entry.o(.ARM.Collect$$$$00000000) refers (Special) to entry8b.o(.ARM.Collect$$$$0000000A) for _main_cpp_init
    entry.o(.ARM.Collect$$$$00000000) refers (Special) to entry9a.o(.ARM.Collect$$$$0000000B) for _main_init
    entry.o(.ARM.Collect$$$$00000000) refers (Special) to entry5.o(.ARM.Collect$$$$00000004) for _main_scatterload
    entry.o(.ARM.Collect$$$$00000000) refers (Special) to entry2.o(.ARM.Collect$$$$00000001) for _main_stk
    entry2.o(.ARM.Collect$$$$00000001) refers to entry2.o(.ARM.Collect$$$$00002712) for __lit__00000000
    entry2.o(.ARM.Collect$$$$00002712) refers to startup_py32f002bxx.o(STACK) for __initial_sp
    entry2.o(__vectab_stack_and_reset_area) refers to startup_py32f002bxx.o(STACK) for __initial_sp
    entry2.o(__vectab_stack_and_reset_area) refers to entry.o(.ARM.Collect$$$$00000000) for __main
    entry5.o(.ARM.Collect$$$$00000004) refers to init.o(.text) for __scatterload
    entry9a.o(.ARM.Collect$$$$0000000B) refers to main.o(i.main) for main
    entry9b.o(.ARM.Collect$$$$0000000C) refers to main.o(i.main) for main
    init.o(.text) refers to entry5.o(.ARM.Collect$$$$00000004) for __main_after_scatterload


==============================================================================

Removing Unused input sections from the image.

    Removing startup_py32f002bxx.o(HEAP), (0 bytes).
    Removing system_py32f002b.o(.rev16_text), (4 bytes).
    Removing system_py32f002b.o(.revsh_text), (4 bytes).
    Removing system_py32f002b.o(i.SystemCoreClockUpdate), (156 bytes).
    Removing main.o(.rev16_text), (4 bytes).
    Removing main.o(.revsh_text), (4 bytes).
    Removing main.o(.constdata), (35 bytes).
    Removing gpio.o(.rev16_text), (4 bytes).
    Removing gpio.o(.revsh_text), (4 bytes).
    Removing gpio.o(.constdata), (35 bytes).
    Removing sys.o(.rev16_text), (4 bytes).
    Removing sys.o(.revsh_text), (4 bytes).
    Removing sys.o(.constdata), (35 bytes).
    Removing app.o(.rev16_text), (4 bytes).
    Removing app.o(.revsh_text), (4 bytes).
    Removing app.o(.constdata), (35 bytes).
    Removing time.o(.rev16_text), (4 bytes).
    Removing time.o(.revsh_text), (4 bytes).
    Removing time.o(.constdata), (35 bytes).
    Removing uart.o(.rev16_text), (4 bytes).
    Removing uart.o(.revsh_text), (4 bytes).
    Removing uart.o(i.USart1_Send_ASCII_Back), (32 bytes).
    Removing uart.o(.constdata), (35 bytes).
    Removing speak.o(.rev16_text), (4 bytes).
    Removing speak.o(.revsh_text), (4 bytes).
    Removing speak.o(.constdata), (35 bytes).
    Removing ev1527.o(.rev16_text), (4 bytes).
    Removing ev1527.o(.revsh_text), (4 bytes).
    Removing ev1527.o(.constdata), (35 bytes).
    Removing flash.o(.rev16_text), (4 bytes).
    Removing flash.o(.revsh_text), (4 bytes).
    Removing flash.o(i.flash_read_word), (6 bytes).
    Removing flash.o(.constdata), (35 bytes).
    Removing py32f002bxx_ll_start_kit.o(.rev16_text), (4 bytes).
    Removing py32f002bxx_ll_start_kit.o(.revsh_text), (4 bytes).
    Removing py32f002bxx_ll_start_kit.o(i.BSP_GetVersion), (6 bytes).
    Removing py32f002bxx_ll_start_kit.o(i.BSP_LED_DeInit), (48 bytes).
    Removing py32f002bxx_ll_start_kit.o(i.BSP_LED_Init), (60 bytes).
    Removing py32f002bxx_ll_start_kit.o(i.BSP_LED_Off), (32 bytes).
    Removing py32f002bxx_ll_start_kit.o(i.BSP_LED_On), (32 bytes).
    Removing py32f002bxx_ll_start_kit.o(i.BSP_LED_Toggle), (32 bytes).
    Removing py32f002bxx_ll_start_kit.o(i.BSP_PB_DeInit), (60 bytes).
    Removing py32f002bxx_ll_start_kit.o(i.BSP_PB_GetState), (44 bytes).
    Removing py32f002bxx_ll_start_kit.o(i.BSP_PB_Init), (160 bytes).
    Removing py32f002bxx_ll_start_kit.o(i.BSP_USART_Config), (276 bytes).
    Removing py32f002bxx_ll_start_kit.o(i.LL_GPIO_ResetOutputPin), (4 bytes).
    Removing py32f002bxx_ll_start_kit.o(i.LL_GPIO_SetAFPin_0_7), (36 bytes).
    Removing py32f002bxx_ll_start_kit.o(i.LL_GPIO_SetOutputPin), (4 bytes).
    Removing py32f002bxx_ll_start_kit.o(i.LL_GPIO_SetPinMode), (26 bytes).
    Removing py32f002bxx_ll_start_kit.o(i.LL_GPIO_SetPinPull), (26 bytes).
    Removing py32f002bxx_ll_start_kit.o(i.LL_GPIO_SetPinSpeed), (26 bytes).
    Removing py32f002bxx_ll_start_kit.o(i.LL_IOP_GRP1_EnableClock), (28 bytes).
    Removing py32f002bxx_ll_start_kit.o(i.LL_USART_SetBaudRate), (306 bytes).
    Removing py32f002bxx_ll_start_kit.o(i.NVIC_SetPriority), (120 bytes).
    Removing py32f002bxx_ll_start_kit.o(i.fgetc), (36 bytes).
    Removing py32f002bxx_ll_start_kit.o(i.fputc), (44 bytes).
    Removing py32f002bxx_ll_start_kit.o(.constdata), (12 bytes).
    Removing py32f002bxx_ll_start_kit.o(.data), (8 bytes).
    Removing py32f002b_ll_adc.o(.rev16_text), (4 bytes).
    Removing py32f002b_ll_adc.o(.revsh_text), (4 bytes).
    Removing py32f002b_ll_adc.o(i.LL_ADC_CommonDeInit), (40 bytes).
    Removing py32f002b_ll_adc.o(i.LL_ADC_DeInit), (272 bytes).
    Removing py32f002b_ll_adc.o(i.LL_ADC_Init), (64 bytes).
    Removing py32f002b_ll_adc.o(i.LL_ADC_IsEnabled), (16 bytes).
    Removing py32f002b_ll_adc.o(i.LL_ADC_REG_Init), (56 bytes).
    Removing py32f002b_ll_adc.o(i.LL_ADC_REG_IsStopConversionOngoing), (12 bytes).
    Removing py32f002b_ll_adc.o(i.LL_ADC_REG_StructInit), (16 bytes).
    Removing py32f002b_ll_adc.o(i.LL_ADC_StructInit), (16 bytes).
    Removing py32f002b_ll_gpio.o(.rev16_text), (4 bytes).
    Removing py32f002b_ll_gpio.o(.revsh_text), (4 bytes).
    Removing py32f002b_ll_gpio.o(i.LL_GPIO_DeInit), (84 bytes).
    Removing py32f002b_ll_gpio.o(i.LL_GPIO_StructInit), (24 bytes).
    Removing py32f002b_ll_gpio.o(i.LL_IOP_GRP1_ForceReset), (16 bytes).
    Removing py32f002b_ll_gpio.o(i.LL_IOP_GRP1_ReleaseReset), (16 bytes).
    Removing py32f002b_ll_utils.o(.rev16_text), (4 bytes).
    Removing py32f002b_ll_utils.o(.revsh_text), (4 bytes).
    Removing py32f002b_ll_utils.o(i.LL_SetFlashLatency), (100 bytes).
    Removing py32f002b_ll_utils.o(.data), (32 bytes).
    Removing py32f002b_ll_tim.o(.rev16_text), (4 bytes).
    Removing py32f002b_ll_tim.o(.revsh_text), (4 bytes).
    Removing py32f002b_ll_tim.o(i.IC1Config), (54 bytes).
    Removing py32f002b_ll_tim.o(i.IC2Config), (58 bytes).
    Removing py32f002b_ll_tim.o(i.IC3Config), (62 bytes).
    Removing py32f002b_ll_tim.o(i.IC4Config), (64 bytes).
    Removing py32f002b_ll_tim.o(i.LL_APB1_GRP2_ForceReset), (16 bytes).
    Removing py32f002b_ll_tim.o(i.LL_APB1_GRP2_ReleaseReset), (16 bytes).
    Removing py32f002b_ll_tim.o(i.LL_TIM_BDTR_Init), (114 bytes).
    Removing py32f002b_ll_tim.o(i.LL_TIM_BDTR_StructInit), (18 bytes).
    Removing py32f002b_ll_tim.o(i.LL_TIM_DeInit), (60 bytes).
    Removing py32f002b_ll_tim.o(i.LL_TIM_ENCODER_Init), (110 bytes).
    Removing py32f002b_ll_tim.o(i.LL_TIM_ENCODER_StructInit), (36 bytes).
    Removing py32f002b_ll_tim.o(i.LL_TIM_HALLSENSOR_Init), (142 bytes).
    Removing py32f002b_ll_tim.o(i.LL_TIM_HALLSENSOR_StructInit), (12 bytes).
    Removing py32f002b_ll_tim.o(i.LL_TIM_IC_Init), (92 bytes).
    Removing py32f002b_ll_tim.o(i.LL_TIM_IC_StructInit), (18 bytes).
    Removing py32f002b_ll_tim.o(i.LL_TIM_OC_Init), (92 bytes).
    Removing py32f002b_ll_tim.o(i.LL_TIM_OC_SetCompareCH2), (4 bytes).
    Removing py32f002b_ll_tim.o(i.LL_TIM_OC_StructInit), (20 bytes).
    Removing py32f002b_ll_tim.o(i.LL_TIM_StructInit), (18 bytes).
    Removing py32f002b_ll_tim.o(i.OC1Config), (152 bytes).
    Removing py32f002b_ll_tim.o(i.OC2Config), (176 bytes).
    Removing py32f002b_ll_tim.o(i.OC3Config), (168 bytes).
    Removing py32f002b_ll_tim.o(i.OC4Config), (132 bytes).
    Removing py32f002b_ll_tim.o(.constdata), (35 bytes).
    Removing py32f002b_ll_usart.o(.rev16_text), (4 bytes).
    Removing py32f002b_ll_usart.o(.revsh_text), (4 bytes).
    Removing py32f002b_ll_usart.o(i.LL_USART_ClockInit), (76 bytes).
    Removing py32f002b_ll_usart.o(i.LL_USART_ClockStructInit), (12 bytes).
    Removing py32f002b_ll_usart.o(i.LL_USART_DeInit), (56 bytes).
    Removing py32f002b_ll_usart.o(i.LL_USART_StructInit), (24 bytes).
    Removing py32f002b_ll_rcc.o(.rev16_text), (4 bytes).
    Removing py32f002b_ll_rcc.o(.revsh_text), (4 bytes).
    Removing py32f002b_ll_rcc.o(i.LL_RCC_DeInit), (104 bytes).
    Removing py32f002b_ll_rcc.o(i.LL_RCC_GetCOMPClockFreq), (116 bytes).
    Removing py32f002b_ll_rcc.o(i.LL_RCC_GetCOMPClockSource), (20 bytes).
    Removing py32f002b_ll_rcc.o(i.LL_RCC_GetLPTIMClockFreq), (112 bytes).
    Removing py32f002b_ll_rcc.o(i.LL_RCC_GetLSCClockFreq), (68 bytes).
    Removing py32f002b_ll_rcc.o(i.LL_RCC_GetMCOClockFreq), (216 bytes).
    Removing py32f002b_ll_rcc.o(i.LL_RCC_LSE_IsReady), (16 bytes).
    Removing py32f002b_ll_rcc.o(i.LL_RCC_LSI_IsReady), (16 bytes).

120 unused section(s) (total 5340 bytes) removed from the image.

==============================================================================

Image Symbol Table

    Local Symbols

    Symbol Name                              Value     Ov Type        Size  Object(Section)

    ../clib/microlib/division.c              0x00000000   Number         0  uidiv.o ABSOLUTE
    ../clib/microlib/init/entry.s            0x00000000   Number         0  entry8a.o ABSOLUTE
    ../clib/microlib/init/entry.s            0x00000000   Number         0  entry7a.o ABSOLUTE
    ../clib/microlib/init/entry.s            0x00000000   Number         0  entry5.o ABSOLUTE
    ../clib/microlib/init/entry.s            0x00000000   Number         0  entry2.o ABSOLUTE
    ../clib/microlib/init/entry.s            0x00000000   Number         0  entry.o ABSOLUTE
    ../clib/microlib/init/entry.s            0x00000000   Number         0  entry7b.o ABSOLUTE
    ../clib/microlib/init/entry.s            0x00000000   Number         0  entry12b.o ABSOLUTE
    ../clib/microlib/init/entry.s            0x00000000   Number         0  entry12a.o ABSOLUTE
    ../clib/microlib/init/entry.s            0x00000000   Number         0  entry11b.o ABSOLUTE
    ../clib/microlib/init/entry.s            0x00000000   Number         0  entry11a.o ABSOLUTE
    ../clib/microlib/init/entry.s            0x00000000   Number         0  entry10b.o ABSOLUTE
    ../clib/microlib/init/entry.s            0x00000000   Number         0  entry10a.o ABSOLUTE
    ../clib/microlib/init/entry.s            0x00000000   Number         0  entry9b.o ABSOLUTE
    ../clib/microlib/init/entry.s            0x00000000   Number         0  entry9a.o ABSOLUTE
    ../clib/microlib/init/entry.s            0x00000000   Number         0  entry8b.o ABSOLUTE
    ../clib/microlib/string/memset.c         0x00000000   Number         0  memseta.o ABSOLUTE
    ..\..\Drivers\BSP\PY32F002Bxx_Start_Kit\py32f002bxx_ll_Start_Kit.c 0x00000000   Number         0  py32f002bxx_ll_start_kit.o ABSOLUTE
    ..\..\Drivers\PY32F002B_HAL_Driver\Src\py32f002b_ll_adc.c 0x00000000   Number         0  py32f002b_ll_adc.o ABSOLUTE
    ..\..\Drivers\PY32F002B_HAL_Driver\Src\py32f002b_ll_gpio.c 0x00000000   Number         0  py32f002b_ll_gpio.o ABSOLUTE
    ..\..\Drivers\PY32F002B_HAL_Driver\Src\py32f002b_ll_rcc.c 0x00000000   Number         0  py32f002b_ll_rcc.o ABSOLUTE
    ..\..\Drivers\PY32F002B_HAL_Driver\Src\py32f002b_ll_tim.c 0x00000000   Number         0  py32f002b_ll_tim.o ABSOLUTE
    ..\..\Drivers\PY32F002B_HAL_Driver\Src\py32f002b_ll_usart.c 0x00000000   Number         0  py32f002b_ll_usart.o ABSOLUTE
    ..\..\Drivers\PY32F002B_HAL_Driver\Src\py32f002b_ll_utils.c 0x00000000   Number         0  py32f002b_ll_utils.o ABSOLUTE
    ..\..\system_py32f002b.c                 0x00000000   Number         0  system_py32f002b.o ABSOLUTE
    ..\Src\Flash.c                           0x00000000   Number         0  flash.o ABSOLUTE
    ..\Src\app.c                             0x00000000   Number         0  app.o ABSOLUTE
    ..\Src\ev1527.c                          0x00000000   Number         0  ev1527.o ABSOLUTE
    ..\Src\gpio.c                            0x00000000   Number         0  gpio.o ABSOLUTE
    ..\Src\main.c                            0x00000000   Number         0  main.o ABSOLUTE
    ..\Src\speak.c                           0x00000000   Number         0  speak.o ABSOLUTE
    ..\Src\sys.c                             0x00000000   Number         0  sys.o ABSOLUTE
    ..\Src\time.c                            0x00000000   Number         0  time.o ABSOLUTE
    ..\Src\uart.c                            0x00000000   Number         0  uart.o ABSOLUTE
    ..\\..\\Drivers\\BSP\\PY32F002Bxx_Start_Kit\\py32f002bxx_ll_Start_Kit.c 0x00000000   Number         0  py32f002bxx_ll_start_kit.o ABSOLUTE
    ..\\..\\Drivers\\PY32F002B_HAL_Driver\\Src\\py32f002b_ll_adc.c 0x00000000   Number         0  py32f002b_ll_adc.o ABSOLUTE
    ..\\..\\Drivers\\PY32F002B_HAL_Driver\\Src\\py32f002b_ll_gpio.c 0x00000000   Number         0  py32f002b_ll_gpio.o ABSOLUTE
    ..\\..\\Drivers\\PY32F002B_HAL_Driver\\Src\\py32f002b_ll_rcc.c 0x00000000   Number         0  py32f002b_ll_rcc.o ABSOLUTE
    ..\\..\\Drivers\\PY32F002B_HAL_Driver\\Src\\py32f002b_ll_tim.c 0x00000000   Number         0  py32f002b_ll_tim.o ABSOLUTE
    ..\\..\\Drivers\\PY32F002B_HAL_Driver\\Src\\py32f002b_ll_usart.c 0x00000000   Number         0  py32f002b_ll_usart.o ABSOLUTE
    ..\\..\\Drivers\\PY32F002B_HAL_Driver\\Src\\py32f002b_ll_utils.c 0x00000000   Number         0  py32f002b_ll_utils.o ABSOLUTE
    ..\\..\\system_py32f002b.c               0x00000000   Number         0  system_py32f002b.o ABSOLUTE
    ..\\Src\\Flash.c                         0x00000000   Number         0  flash.o ABSOLUTE
    ..\\Src\\app.c                           0x00000000   Number         0  app.o ABSOLUTE
    ..\\Src\\ev1527.c                        0x00000000   Number         0  ev1527.o ABSOLUTE
    ..\\Src\\gpio.c                          0x00000000   Number         0  gpio.o ABSOLUTE
    ..\\Src\\main.c                          0x00000000   Number         0  main.o ABSOLUTE
    ..\\Src\\speak.c                         0x00000000   Number         0  speak.o ABSOLUTE
    ..\\Src\\sys.c                           0x00000000   Number         0  sys.o ABSOLUTE
    ..\\Src\\time.c                          0x00000000   Number         0  time.o ABSOLUTE
    ..\\Src\\uart.c                          0x00000000   Number         0  uart.o ABSOLUTE
    dc.s                                     0x00000000   Number         0  dc.o ABSOLUTE
    handlers.s                               0x00000000   Number         0  handlers.o ABSOLUTE
    init.s                                   0x00000000   Number         0  init.o ABSOLUTE
    startup_py32f002bxx.s                    0x00000000   Number         0  startup_py32f002bxx.o ABSOLUTE
    RESET                                    0x08000000   Section      192  startup_py32f002bxx.o(RESET)
    .ARM.Collect$$$$00000000                 0x080000c0   Section        0  entry.o(.ARM.Collect$$$$00000000)
    .ARM.Collect$$$$00000001                 0x080000c0   Section        4  entry2.o(.ARM.Collect$$$$00000001)
    .ARM.Collect$$$$00000004                 0x080000c4   Section        4  entry5.o(.ARM.Collect$$$$00000004)
    .ARM.Collect$$$$00000008                 0x080000c8   Section        0  entry7b.o(.ARM.Collect$$$$00000008)
    .ARM.Collect$$$$0000000A                 0x080000c8   Section        0  entry8b.o(.ARM.Collect$$$$0000000A)
    .ARM.Collect$$$$0000000B                 0x080000c8   Section        8  entry9a.o(.ARM.Collect$$$$0000000B)
    .ARM.Collect$$$$0000000E                 0x080000d0   Section        4  entry12b.o(.ARM.Collect$$$$0000000E)
    .ARM.Collect$$$$0000000F                 0x080000d4   Section        0  entry10a.o(.ARM.Collect$$$$0000000F)
    .ARM.Collect$$$$00000011                 0x080000d4   Section        0  entry11a.o(.ARM.Collect$$$$00000011)
    .ARM.Collect$$$$00002712                 0x080000d4   Section        4  entry2.o(.ARM.Collect$$$$00002712)
    __lit__00000000                          0x080000d4   Data           4  entry2.o(.ARM.Collect$$$$00002712)
    .text                                    0x080000d8   Section       28  startup_py32f002bxx.o(.text)
    .text                                    0x080000f4   Section        0  uidiv.o(.text)
    .text                                    0x08000120   Section        0  memseta.o(.text)
    .text                                    0x08000144   Section       36  init.o(.text)
    i.APP_Control                            0x08000168   Section        0  app.o(i.APP_Control)
    i.APP_ErrorHandler                       0x08000250   Section        0  flash.o(i.APP_ErrorHandler)
    i.APP_Get_Flash_Init_Data                0x08000254   Section        0  app.o(i.APP_Get_Flash_Init_Data)
    i.APP_Key_Scan                           0x08000294   Section        0  app.o(i.APP_Key_Scan)
    i.APP_LED_ALL_OFF                        0x08000750   Section        0  app.o(i.APP_LED_ALL_OFF)
    i.APP_LED_ALL_ON                         0x08000788   Section        0  app.o(i.APP_LED_ALL_ON)
    i.APP_Remote_control                     0x080007c0   Section        0  app.o(i.APP_Remote_control)
    i.DelayTime                              0x08000950   Section        0  system_py32f002b.o(i.DelayTime)
    DelayTime                                0x08000951   Thumb Code    24  system_py32f002b.o(i.DelayTime)
    i.Flash_Check_If_Blank                   0x0800096c   Section        0  flash.o(i.Flash_Check_If_Blank)
    Flash_Check_If_Blank                     0x0800096d   Thumb Code    32  flash.o(i.Flash_Check_If_Blank)
    i.Flash_Erase_process                    0x08000990   Section        0  flash.o(i.Flash_Erase_process)
    Flash_Erase_process                      0x08000991   Thumb Code   116  flash.o(i.Flash_Erase_process)
    i.Flash_Verify                           0x08000a10   Section        0  flash.o(i.Flash_Verify)
    Flash_Verify                             0x08000a11   Thumb Code    36  flash.o(i.Flash_Verify)
    i.Flash_Write_process                    0x08000a3c   Section        0  flash.o(i.Flash_Write_process)
    Flash_Write_process                      0x08000a3d   Thumb Code   120  flash.o(i.Flash_Write_process)
    i.Flash_update_process                   0x08000ac4   Section        0  flash.o(i.Flash_update_process)
    i.LL_APB1_GRP2_EnableClock               0x08000b78   Section        0  time.o(i.LL_APB1_GRP2_EnableClock)
    LL_APB1_GRP2_EnableClock                 0x08000b79   Thumb Code    24  time.o(i.LL_APB1_GRP2_EnableClock)
    i.LL_FLASH_DisableIT_EOP                 0x08000b94   Section        0  flash.o(i.LL_FLASH_DisableIT_EOP)
    LL_FLASH_DisableIT_EOP                   0x08000b95   Thumb Code    12  flash.o(i.LL_FLASH_DisableIT_EOP)
    i.LL_FLASH_EnableIT_EOP                  0x08000ba0   Section        0  flash.o(i.LL_FLASH_EnableIT_EOP)
    LL_FLASH_EnableIT_EOP                    0x08000ba1   Thumb Code    12  flash.o(i.LL_FLASH_EnableIT_EOP)
    i.LL_FLASH_IsActiveFlag_BUSY             0x08000bac   Section        0  flash.o(i.LL_FLASH_IsActiveFlag_BUSY)
    LL_FLASH_IsActiveFlag_BUSY               0x08000bad   Thumb Code    14  flash.o(i.LL_FLASH_IsActiveFlag_BUSY)
    i.LL_FLASH_IsActiveFlag_EOP              0x08000bba   Section        0  flash.o(i.LL_FLASH_IsActiveFlag_EOP)
    LL_FLASH_IsActiveFlag_EOP                0x08000bbb   Thumb Code    16  flash.o(i.LL_FLASH_IsActiveFlag_EOP)
    i.LL_FLASH_PageProgram                   0x08000bca   Section        0  flash.o(i.LL_FLASH_PageProgram)
    LL_FLASH_PageProgram                     0x08000bcb   Thumb Code    68  flash.o(i.LL_FLASH_PageProgram)
    i.LL_GPIO_Init                           0x08000c0e   Section        0  py32f002b_ll_gpio.o(i.LL_GPIO_Init)
    i.LL_GPIO_IsInputPinSet                  0x08000d08   Section        0  app.o(i.LL_GPIO_IsInputPinSet)
    LL_GPIO_IsInputPinSet                    0x08000d09   Thumb Code    18  app.o(i.LL_GPIO_IsInputPinSet)
    i.LL_GPIO_IsInputPinSet                  0x08000d1a   Section        0  ev1527.o(i.LL_GPIO_IsInputPinSet)
    LL_GPIO_IsInputPinSet                    0x08000d1b   Thumb Code    18  ev1527.o(i.LL_GPIO_IsInputPinSet)
    i.LL_GPIO_ResetOutputPin                 0x08000d2c   Section        0  app.o(i.LL_GPIO_ResetOutputPin)
    LL_GPIO_ResetOutputPin                   0x08000d2d   Thumb Code     4  app.o(i.LL_GPIO_ResetOutputPin)
    i.LL_GPIO_ResetOutputPin                 0x08000d30   Section        0  speak.o(i.LL_GPIO_ResetOutputPin)
    LL_GPIO_ResetOutputPin                   0x08000d31   Thumb Code     4  speak.o(i.LL_GPIO_ResetOutputPin)
    i.LL_GPIO_SetOutputPin                   0x08000d34   Section        0  gpio.o(i.LL_GPIO_SetOutputPin)
    LL_GPIO_SetOutputPin                     0x08000d35   Thumb Code     4  gpio.o(i.LL_GPIO_SetOutputPin)
    i.LL_GPIO_SetOutputPin                   0x08000d38   Section        0  app.o(i.LL_GPIO_SetOutputPin)
    LL_GPIO_SetOutputPin                     0x08000d39   Thumb Code     4  app.o(i.LL_GPIO_SetOutputPin)
    i.LL_IOP_GRP1_EnableClock                0x08000d3c   Section        0  gpio.o(i.LL_IOP_GRP1_EnableClock)
    LL_IOP_GRP1_EnableClock                  0x08000d3d   Thumb Code    24  gpio.o(i.LL_IOP_GRP1_EnableClock)
    i.LL_Init1msTick                         0x08000d58   Section        0  py32f002b_ll_utils.o(i.LL_Init1msTick)
    i.LL_RCC_GetSysClkSource                 0x08000d80   Section        0  py32f002b_ll_rcc.o(i.LL_RCC_GetSysClkSource)
    LL_RCC_GetSysClkSource                   0x08000d81   Thumb Code    10  py32f002b_ll_rcc.o(i.LL_RCC_GetSysClkSource)
    i.LL_RCC_GetSystemClocksFreq             0x08000d90   Section        0  py32f002b_ll_rcc.o(i.LL_RCC_GetSystemClocksFreq)
    i.LL_SetSystemCoreClock                  0x08000dac   Section        0  py32f002b_ll_utils.o(i.LL_SetSystemCoreClock)
    i.LL_TIM_ClearFlag_UPDATE                0x08000db8   Section        0  time.o(i.LL_TIM_ClearFlag_UPDATE)
    LL_TIM_ClearFlag_UPDATE                  0x08000db9   Thumb Code     8  time.o(i.LL_TIM_ClearFlag_UPDATE)
    i.LL_TIM_EnableCounter                   0x08000dc0   Section        0  time.o(i.LL_TIM_EnableCounter)
    LL_TIM_EnableCounter                     0x08000dc1   Thumb Code    10  time.o(i.LL_TIM_EnableCounter)
    i.LL_TIM_EnableIT_UPDATE                 0x08000dca   Section        0  time.o(i.LL_TIM_EnableIT_UPDATE)
    LL_TIM_EnableIT_UPDATE                   0x08000dcb   Thumb Code    10  time.o(i.LL_TIM_EnableIT_UPDATE)
    i.LL_TIM_Init                            0x08000dd4   Section        0  py32f002b_ll_tim.o(i.LL_TIM_Init)
    i.LL_TIM_IsActiveFlag_UPDATE             0x08000e40   Section        0  time.o(i.LL_TIM_IsActiveFlag_UPDATE)
    LL_TIM_IsActiveFlag_UPDATE               0x08000e41   Thumb Code    16  time.o(i.LL_TIM_IsActiveFlag_UPDATE)
    i.LL_TIM_IsEnabledIT_UPDATE              0x08000e50   Section        0  time.o(i.LL_TIM_IsEnabledIT_UPDATE)
    LL_TIM_IsEnabledIT_UPDATE                0x08000e51   Thumb Code    16  time.o(i.LL_TIM_IsEnabledIT_UPDATE)
    i.LL_USART_Init                          0x08000e60   Section        0  py32f002b_ll_usart.o(i.LL_USART_Init)
    i.LL_USART_IsEnabled                     0x08000ed0   Section        0  py32f002b_ll_usart.o(i.LL_USART_IsEnabled)
    LL_USART_IsEnabled                       0x08000ed1   Thumb Code    14  py32f002b_ll_usart.o(i.LL_USART_IsEnabled)
    i.LL_USART_SetBaudRate                   0x08000ede   Section        0  py32f002b_ll_usart.o(i.LL_USART_SetBaudRate)
    LL_USART_SetBaudRate                     0x08000edf   Thumb Code   306  py32f002b_ll_usart.o(i.LL_USART_SetBaudRate)
    i.LL_mDelay                              0x08001010   Section        0  py32f002b_ll_utils.o(i.LL_mDelay)
    i.NVIC_EnableIRQ                         0x08001044   Section        0  time.o(i.NVIC_EnableIRQ)
    NVIC_EnableIRQ                           0x08001045   Thumb Code    14  time.o(i.NVIC_EnableIRQ)
    i.NVIC_SetPriority                       0x08001058   Section        0  time.o(i.NVIC_SetPriority)
    NVIC_SetPriority                         0x08001059   Thumb Code   110  time.o(i.NVIC_SetPriority)
    i.NVIC_SetPriority                       0x080010d0   Section        0  uart.o(i.NVIC_SetPriority)
    NVIC_SetPriority                         0x080010d1   Thumb Code   110  uart.o(i.NVIC_SetPriority)
    i.RCC_GetHCLKClockFreq                   0x08001148   Section        0  py32f002b_ll_rcc.o(i.RCC_GetHCLKClockFreq)
    i.RCC_GetPCLK1ClockFreq                  0x08001174   Section        0  py32f002b_ll_rcc.o(i.RCC_GetPCLK1ClockFreq)
    i.RCC_GetSystemClockFreq                 0x0800119c   Section        0  py32f002b_ll_rcc.o(i.RCC_GetSystemClockFreq)
    i.SPEAKING                               0x0800120c   Section        0  speak.o(i.SPEAKING)
    i.SystemInit                             0x0800124c   Section        0  system_py32f002b.o(i.SystemInit)
    i.System_Clock_Config                    0x08001298   Section        0  sys.o(i.System_Clock_Config)
    i.TIM14_IRQHandler                       0x08001374   Section        0  time.o(i.TIM14_IRQHandler)
    i.TIM1_BRK_UP_TRG_COM_IRQHandler         0x080013f8   Section        0  time.o(i.TIM1_BRK_UP_TRG_COM_IRQHandler)
    i.Timer14_1ms_init                       0x08001420   Section        0  time.o(i.Timer14_1ms_init)
    i.Timer1_10us_init                       0x08001480   Section        0  time.o(i.Timer1_10us_init)
    i.USART1_IRQHandler                      0x080014dc   Section        0  uart.o(i.USART1_IRQHandler)
    i.__ARM_common_switch8                   0x0800150c   Section        0  app.o(i.__ARM_common_switch8)
    i.__scatterload_copy                     0x08001528   Section       14  handlers.o(i.__scatterload_copy)
    i.__scatterload_null                     0x08001536   Section        2  handlers.o(i.__scatterload_null)
    i.__scatterload_zeroinit                 0x08001538   Section       14  handlers.o(i.__scatterload_zeroinit)
    i.delay100us                             0x08001546   Section        0  speak.o(i.delay100us)
    i.ev1527_exit                            0x0800155c   Section        0  ev1527.o(i.ev1527_exit)
    i.ev1527_proc                            0x08001588   Section        0  ev1527.o(i.ev1527_proc)
    i.flash_read_buf                         0x080017f4   Section        0  flash.o(i.flash_read_buf)
    i.gpio_init                              0x08001810   Section        0  gpio.o(i.gpio_init)
    i.main                                   0x08001900   Section        0  main.o(i.main)
    i.uart_init                              0x08001948   Section        0  uart.o(i.uart_init)
    .constdata                               0x08001a4c   Section      128  system_py32f002b.o(.constdata)
    .data                                    0x20000000   Section        4  system_py32f002b.o(.data)
    .data                                    0x20000004   Section       45  app.o(.data)
    Remoted_Data_Buffer                      0x2000002c   Data           4  app.o(.data)
    Remoted_Warning_Mode                     0x20000030   Data           1  app.o(.data)
    .data                                    0x20000034   Section       14  time.o(.data)
    .data                                    0x20000042   Section        1  uart.o(.data)
    .data                                    0x20000044   Section       16  ev1527.o(.data)
    .bss                                     0x20000054   Section      152  app.o(.bss)
    .bss                                     0x200000ec   Section      256  flash.o(.bss)
    STACK                                    0x200001f0   Section     1024  startup_py32f002bxx.o(STACK)

    Global Symbols

    Symbol Name                              Value     Ov Type        Size  Object(Section)

    BuildAttributes$$THM_ISAv3M$S$PE$A:L22$X:L11$S22$IEEE1$IW$USESV6$~STKCKD$USESV7$~SHL$OSPACE$EBA8$MICROLIB$REQ8$PRES8$EABIv2 0x00000000   Number         0  anon$$obj.o ABSOLUTE
    __ARM_use_no_argv                        0x00000000   Number         0  main.o ABSOLUTE
    __arm_fini_                               - Undefined Weak Reference
    __cpp_initialize__aeabi_                  - Undefined Weak Reference
    __cxa_finalize                            - Undefined Weak Reference
    __decompress                              - Undefined Weak Reference
    _clock_init                               - Undefined Weak Reference
    _microlib_exit                            - Undefined Weak Reference
    __Vectors_Size                           0x000000c0   Number         0  startup_py32f002bxx.o ABSOLUTE
    __Vectors                                0x08000000   Data           4  startup_py32f002bxx.o(RESET)
    __Vectors_End                            0x080000c0   Data           0  startup_py32f002bxx.o(RESET)
    __main                                   0x080000c1   Thumb Code     0  entry.o(.ARM.Collect$$$$00000000)
    _main_stk                                0x080000c1   Thumb Code     0  entry2.o(.ARM.Collect$$$$00000001)
    _main_scatterload                        0x080000c5   Thumb Code     0  entry5.o(.ARM.Collect$$$$00000004)
    __main_after_scatterload                 0x080000c9   Thumb Code     0  entry5.o(.ARM.Collect$$$$00000004)
    _main_clock                              0x080000c9   Thumb Code     0  entry7b.o(.ARM.Collect$$$$00000008)
    _main_cpp_init                           0x080000c9   Thumb Code     0  entry8b.o(.ARM.Collect$$$$0000000A)
    _main_init                               0x080000c9   Thumb Code     0  entry9a.o(.ARM.Collect$$$$0000000B)
    __rt_lib_shutdown_fini                   0x080000d1   Thumb Code     0  entry12b.o(.ARM.Collect$$$$0000000E)
    __rt_final_cpp                           0x080000d5   Thumb Code     0  entry10a.o(.ARM.Collect$$$$0000000F)
    __rt_final_exit                          0x080000d5   Thumb Code     0  entry11a.o(.ARM.Collect$$$$00000011)
    Reset_Handler                            0x080000d9   Thumb Code     8  startup_py32f002bxx.o(.text)
    NMI_Handler                              0x080000e1   Thumb Code     2  startup_py32f002bxx.o(.text)
    HardFault_Handler                        0x080000e3   Thumb Code     2  startup_py32f002bxx.o(.text)
    SVC_Handler                              0x080000e5   Thumb Code     2  startup_py32f002bxx.o(.text)
    PendSV_Handler                           0x080000e7   Thumb Code     2  startup_py32f002bxx.o(.text)
    SysTick_Handler                          0x080000e9   Thumb Code     2  startup_py32f002bxx.o(.text)
    ADC_COMP_IRQHandler                      0x080000eb   Thumb Code     0  startup_py32f002bxx.o(.text)
    EXTI0_1_IRQHandler                       0x080000eb   Thumb Code     0  startup_py32f002bxx.o(.text)
    EXTI2_3_IRQHandler                       0x080000eb   Thumb Code     0  startup_py32f002bxx.o(.text)
    EXTI4_15_IRQHandler                      0x080000eb   Thumb Code     0  startup_py32f002bxx.o(.text)
    FLASH_IRQHandler                         0x080000eb   Thumb Code     0  startup_py32f002bxx.o(.text)
    I2C1_IRQHandler                          0x080000eb   Thumb Code     0  startup_py32f002bxx.o(.text)
    LPTIM1_IRQHandler                        0x080000eb   Thumb Code     0  startup_py32f002bxx.o(.text)
    RCC_IRQHandler                           0x080000eb   Thumb Code     0  startup_py32f002bxx.o(.text)
    SPI1_IRQHandler                          0x080000eb   Thumb Code     0  startup_py32f002bxx.o(.text)
    TIM1_CC_IRQHandler                       0x080000eb   Thumb Code     0  startup_py32f002bxx.o(.text)
    __aeabi_uidiv                            0x080000f5   Thumb Code     0  uidiv.o(.text)
    __aeabi_uidivmod                         0x080000f5   Thumb Code    44  uidiv.o(.text)
    __aeabi_memset                           0x08000121   Thumb Code    14  memseta.o(.text)
    __aeabi_memset4                          0x08000121   Thumb Code     0  memseta.o(.text)
    __aeabi_memset8                          0x08000121   Thumb Code     0  memseta.o(.text)
    __aeabi_memclr                           0x0800012f   Thumb Code     4  memseta.o(.text)
    __aeabi_memclr4                          0x0800012f   Thumb Code     0  memseta.o(.text)
    __aeabi_memclr8                          0x0800012f   Thumb Code     0  memseta.o(.text)
    _memset$wrapper                          0x08000133   Thumb Code    18  memseta.o(.text)
    __scatterload                            0x08000145   Thumb Code    28  init.o(.text)
    __scatterload_rt2                        0x08000145   Thumb Code     0  init.o(.text)
    APP_Control                              0x08000169   Thumb Code   180  app.o(i.APP_Control)
    APP_ErrorHandler                         0x08000251   Thumb Code     4  flash.o(i.APP_ErrorHandler)
    APP_Get_Flash_Init_Data                  0x08000255   Thumb Code    52  app.o(i.APP_Get_Flash_Init_Data)
    APP_Key_Scan                             0x08000295   Thumb Code  1188  app.o(i.APP_Key_Scan)
    APP_LED_ALL_OFF                          0x08000751   Thumb Code    52  app.o(i.APP_LED_ALL_OFF)
    APP_LED_ALL_ON                           0x08000789   Thumb Code    52  app.o(i.APP_LED_ALL_ON)
    APP_Remote_control                       0x080007c1   Thumb Code   332  app.o(i.APP_Remote_control)
    Flash_update_process                     0x08000ac5   Thumb Code   160  flash.o(i.Flash_update_process)
    LL_GPIO_Init                             0x08000c0f   Thumb Code   250  py32f002b_ll_gpio.o(i.LL_GPIO_Init)
    LL_Init1msTick                           0x08000d59   Thumb Code    34  py32f002b_ll_utils.o(i.LL_Init1msTick)
    LL_RCC_GetSystemClocksFreq               0x08000d91   Thumb Code    28  py32f002b_ll_rcc.o(i.LL_RCC_GetSystemClocksFreq)
    LL_SetSystemCoreClock                    0x08000dad   Thumb Code     6  py32f002b_ll_utils.o(i.LL_SetSystemCoreClock)
    LL_TIM_Init                              0x08000dd5   Thumb Code   100  py32f002b_ll_tim.o(i.LL_TIM_Init)
    LL_USART_Init                            0x08000e61   Thumb Code   108  py32f002b_ll_usart.o(i.LL_USART_Init)
    LL_mDelay                                0x08001011   Thumb Code    46  py32f002b_ll_utils.o(i.LL_mDelay)
    RCC_GetHCLKClockFreq                     0x08001149   Thumb Code    34  py32f002b_ll_rcc.o(i.RCC_GetHCLKClockFreq)
    RCC_GetPCLK1ClockFreq                    0x08001175   Thumb Code    32  py32f002b_ll_rcc.o(i.RCC_GetPCLK1ClockFreq)
    RCC_GetSystemClockFreq                   0x0800119d   Thumb Code   100  py32f002b_ll_rcc.o(i.RCC_GetSystemClockFreq)
    SPEAKING                                 0x0800120d   Thumb Code    62  speak.o(i.SPEAKING)
    SystemInit                               0x0800124d   Thumb Code    60  system_py32f002b.o(i.SystemInit)
    System_Clock_Config                      0x08001299   Thumb Code   206  sys.o(i.System_Clock_Config)
    TIM14_IRQHandler                         0x08001375   Thumb Code   102  time.o(i.TIM14_IRQHandler)
    TIM1_BRK_UP_TRG_COM_IRQHandler           0x080013f9   Thumb Code    34  time.o(i.TIM1_BRK_UP_TRG_COM_IRQHandler)
    Timer14_1ms_init                         0x08001421   Thumb Code    86  time.o(i.Timer14_1ms_init)
    Timer1_10us_init                         0x08001481   Thumb Code    86  time.o(i.Timer1_10us_init)
    USART1_IRQHandler                        0x080014dd   Thumb Code    40  uart.o(i.USART1_IRQHandler)
    __ARM_common_switch8                     0x0800150d   Thumb Code    28  app.o(i.__ARM_common_switch8)
    __scatterload_copy                       0x08001529   Thumb Code    14  handlers.o(i.__scatterload_copy)
    __scatterload_null                       0x08001537   Thumb Code     2  handlers.o(i.__scatterload_null)
    __scatterload_zeroinit                   0x08001539   Thumb Code    14  handlers.o(i.__scatterload_zeroinit)
    delay100us                               0x08001547   Thumb Code    20  speak.o(i.delay100us)
    ev1527_exit                              0x0800155d   Thumb Code    24  ev1527.o(i.ev1527_exit)
    ev1527_proc                              0x08001589   Thumb Code   578  ev1527.o(i.ev1527_proc)
    flash_read_buf                           0x080017f5   Thumb Code    26  flash.o(i.flash_read_buf)
    gpio_init                                0x08001811   Thumb Code   236  gpio.o(i.gpio_init)
    main                                     0x08001901   Thumb Code    58  main.o(i.main)
    uart_init                                0x08001949   Thumb Code   248  uart.o(i.uart_init)
    AHBPrescTable                            0x08001a4c   Data          64  system_py32f002b.o(.constdata)
    APBPrescTable                            0x08001a8c   Data          32  system_py32f002b.o(.constdata)
    HSIFreqTable                             0x08001aac   Data          32  system_py32f002b.o(.constdata)
    Region$$Table$$Base                      0x08001acc   Number         0  anon$$obj.o(Region$$Table)
    Region$$Table$$Limit                     0x08001aec   Number         0  anon$$obj.o(Region$$Table)
    SystemCoreClock                          0x20000000   Data           4  system_py32f002b.o(.data)
    Wait_count                               0x20000004   Data           4  app.o(.data)
    Hold_count                               0x20000008   Data           4  app.o(.data)
    Loose_count                              0x2000000c   Data           4  app.o(.data)
    Sync_count                               0x20000010   Data           4  app.o(.data)
    Remote_count                             0x20000014   Data           4  app.o(.data)
    OK_2_warning_count                       0x20000018   Data           4  app.o(.data)
    Warning_Flag                             0x2000001c   Data           1  app.o(.data)
    Flash_update_flag                        0x2000001d   Data           1  app.o(.data)
    Place_Flag                               0x2000001e   Data           1  app.o(.data)
    Remoted_Sync_Flag                        0x2000001f   Data           1  app.o(.data)
    Sync_Flag                                0x20000020   Data           1  app.o(.data)
    OK_2_warning_Flag                        0x20000021   Data           1  app.o(.data)
    key_state                                0x20000022   Data           1  app.o(.data)
    WARNING_MODE                             0x20000023   Data           1  app.o(.data)
    Old_data_ev1527                          0x20000024   Data           4  app.o(.data)
    Ev1527_Last_Bit                          0x20000028   Data           1  app.o(.data)
    APP_MODE                                 0x20000029   Data           1  app.o(.data)
    Flag_1ms                                 0x20000034   Data           1  time.o(.data)
    Count_1s                                 0x20000038   Data           4  time.o(.data)
    Count_3s                                 0x2000003c   Data           4  time.o(.data)
    Flag_1s                                  0x20000040   Data           1  time.o(.data)
    Flag_3s                                  0x20000041   Data           1  time.o(.data)
    rx_data                                  0x20000042   Data           1  uart.o(.data)
    Finish_Flag_ev1527                       0x20000044   Data           1  ev1527.o(.data)
    ev1527_time                              0x20000045   Data           1  ev1527.o(.data)
    ev1527_time_count_down                   0x20000046   Data           1  ev1527.o(.data)
    ev1527_count                             0x20000048   Data           2  ev1527.o(.data)
    ev1527_status                            0x2000004a   Data           1  ev1527.o(.data)
    ev1527_step                              0x2000004b   Data           1  ev1527.o(.data)
    Final_Data_ev1527                        0x2000004c   Data           4  ev1527.o(.data)
    ev1527_data_buffer                       0x20000050   Data           4  ev1527.o(.data)
    Remoted_Device_Address                   0x20000054   Data          24  app.o(.bss)
    Detector_Device_Address                  0x2000006c   Data         128  app.o(.bss)
    DATA                                     0x200000ec   Data         256  flash.o(.bss)
    __initial_sp                             0x200005f0   Data           0  startup_py32f002bxx.o(STACK)



==============================================================================

Memory Map of the image

  Image Entry point : 0x080000c1

  Load Region LR_IROM1 (Base: 0x08000000, Size: 0x00001b40, Max: 0x00006000, ABSOLUTE)

    Execution Region ER_IROM1 (Exec base: 0x08000000, Load base: 0x08000000, Size: 0x00001aec, Max: 0x00006000, ABSOLUTE)

    Exec Addr    Load Addr    Size         Type   Attr      Idx    E Section Name        Object

    0x08000000   0x08000000   0x000000c0   Data   RO            3    RESET               startup_py32f002bxx.o
    0x080000c0   0x080000c0   0x00000000   Code   RO         1260  * .ARM.Collect$$$$00000000  mc_p.l(entry.o)
    0x080000c0   0x080000c0   0x00000004   Code   RO         1267    .ARM.Collect$$$$00000001  mc_p.l(entry2.o)
    0x080000c4   0x080000c4   0x00000004   Code   RO         1270    .ARM.Collect$$$$00000004  mc_p.l(entry5.o)
    0x080000c8   0x080000c8   0x00000000   Code   RO         1272    .ARM.Collect$$$$00000008  mc_p.l(entry7b.o)
    0x080000c8   0x080000c8   0x00000000   Code   RO         1274    .ARM.Collect$$$$0000000A  mc_p.l(entry8b.o)
    0x080000c8   0x080000c8   0x00000008   Code   RO         1275    .ARM.Collect$$$$0000000B  mc_p.l(entry9a.o)
    0x080000d0   0x080000d0   0x00000004   Code   RO         1282    .ARM.Collect$$$$0000000E  mc_p.l(entry12b.o)
    0x080000d4   0x080000d4   0x00000000   Code   RO         1277    .ARM.Collect$$$$0000000F  mc_p.l(entry10a.o)
    0x080000d4   0x080000d4   0x00000000   Code   RO         1279    .ARM.Collect$$$$00000011  mc_p.l(entry11a.o)
    0x080000d4   0x080000d4   0x00000004   Code   RO         1268    .ARM.Collect$$$$00002712  mc_p.l(entry2.o)
    0x080000d8   0x080000d8   0x0000001c   Code   RO            4    .text               startup_py32f002bxx.o
    0x080000f4   0x080000f4   0x0000002c   Code   RO         1263    .text               mc_p.l(uidiv.o)
    0x08000120   0x08000120   0x00000024   Code   RO         1265    .text               mc_p.l(memseta.o)
    0x08000144   0x08000144   0x00000024   Code   RO         1283    .text               mc_p.l(init.o)
    0x08000168   0x08000168   0x000000e8   Code   RO          254    i.APP_Control       app.o
    0x08000250   0x08000250   0x00000004   Code   RO          554    i.APP_ErrorHandler  flash.o
    0x08000254   0x08000254   0x00000040   Code   RO          255    i.APP_Get_Flash_Init_Data  app.o
    0x08000294   0x08000294   0x000004bc   Code   RO          256    i.APP_Key_Scan      app.o
    0x08000750   0x08000750   0x00000038   Code   RO          257    i.APP_LED_ALL_OFF   app.o
    0x08000788   0x08000788   0x00000038   Code   RO          258    i.APP_LED_ALL_ON    app.o
    0x080007c0   0x080007c0   0x00000190   Code   RO          259    i.APP_Remote_control  app.o
    0x08000950   0x08000950   0x0000001c   Code   RO           12    i.DelayTime         system_py32f002b.o
    0x0800096c   0x0800096c   0x00000024   Code   RO          555    i.Flash_Check_If_Blank  flash.o
    0x08000990   0x08000990   0x00000080   Code   RO          556    i.Flash_Erase_process  flash.o
    0x08000a10   0x08000a10   0x0000002c   Code   RO          557    i.Flash_Verify      flash.o
    0x08000a3c   0x08000a3c   0x00000088   Code   RO          558    i.Flash_Write_process  flash.o
    0x08000ac4   0x08000ac4   0x000000b4   Code   RO          559    i.Flash_update_process  flash.o
    0x08000b78   0x08000b78   0x0000001c   Code   RO          332    i.LL_APB1_GRP2_EnableClock  time.o
    0x08000b94   0x08000b94   0x0000000c   Code   RO          560    i.LL_FLASH_DisableIT_EOP  flash.o
    0x08000ba0   0x08000ba0   0x0000000c   Code   RO          561    i.LL_FLASH_EnableIT_EOP  flash.o
    0x08000bac   0x08000bac   0x0000000e   Code   RO          562    i.LL_FLASH_IsActiveFlag_BUSY  flash.o
    0x08000bba   0x08000bba   0x00000010   Code   RO          563    i.LL_FLASH_IsActiveFlag_EOP  flash.o
    0x08000bca   0x08000bca   0x00000044   Code   RO          564    i.LL_FLASH_PageProgram  flash.o
    0x08000c0e   0x08000c0e   0x000000fa   Code   RO          868    i.LL_GPIO_Init      py32f002b_ll_gpio.o
    0x08000d08   0x08000d08   0x00000012   Code   RO          260    i.LL_GPIO_IsInputPinSet  app.o
    0x08000d1a   0x08000d1a   0x00000012   Code   RO          513    i.LL_GPIO_IsInputPinSet  ev1527.o
    0x08000d2c   0x08000d2c   0x00000004   Code   RO          261    i.LL_GPIO_ResetOutputPin  app.o
    0x08000d30   0x08000d30   0x00000004   Code   RO          480    i.LL_GPIO_ResetOutputPin  speak.o
    0x08000d34   0x08000d34   0x00000004   Code   RO          185    i.LL_GPIO_SetOutputPin  gpio.o
    0x08000d38   0x08000d38   0x00000004   Code   RO          262    i.LL_GPIO_SetOutputPin  app.o
    0x08000d3c   0x08000d3c   0x0000001c   Code   RO          186    i.LL_IOP_GRP1_EnableClock  gpio.o
    0x08000d58   0x08000d58   0x00000028   Code   RO          915    i.LL_Init1msTick    py32f002b_ll_utils.o
    0x08000d80   0x08000d80   0x00000010   Code   RO         1177    i.LL_RCC_GetSysClkSource  py32f002b_ll_rcc.o
    0x08000d90   0x08000d90   0x0000001c   Code   RO         1178    i.LL_RCC_GetSystemClocksFreq  py32f002b_ll_rcc.o
    0x08000dac   0x08000dac   0x0000000c   Code   RO          917    i.LL_SetSystemCoreClock  py32f002b_ll_utils.o
    0x08000db8   0x08000db8   0x00000008   Code   RO          333    i.LL_TIM_ClearFlag_UPDATE  time.o
    0x08000dc0   0x08000dc0   0x0000000a   Code   RO          334    i.LL_TIM_EnableCounter  time.o
    0x08000dca   0x08000dca   0x0000000a   Code   RO          335    i.LL_TIM_EnableIT_UPDATE  time.o
    0x08000dd4   0x08000dd4   0x0000006c   Code   RO          977    i.LL_TIM_Init       py32f002b_ll_tim.o
    0x08000e40   0x08000e40   0x00000010   Code   RO          336    i.LL_TIM_IsActiveFlag_UPDATE  time.o
    0x08000e50   0x08000e50   0x00000010   Code   RO          337    i.LL_TIM_IsEnabledIT_UPDATE  time.o
    0x08000e60   0x08000e60   0x00000070   Code   RO         1117    i.LL_USART_Init     py32f002b_ll_usart.o
    0x08000ed0   0x08000ed0   0x0000000e   Code   RO         1118    i.LL_USART_IsEnabled  py32f002b_ll_usart.o
    0x08000ede   0x08000ede   0x00000132   Code   RO         1119    i.LL_USART_SetBaudRate  py32f002b_ll_usart.o
    0x08001010   0x08001010   0x00000034   Code   RO          918    i.LL_mDelay         py32f002b_ll_utils.o
    0x08001044   0x08001044   0x00000014   Code   RO          338    i.NVIC_EnableIRQ    time.o
    0x08001058   0x08001058   0x00000078   Code   RO          339    i.NVIC_SetPriority  time.o
    0x080010d0   0x080010d0   0x00000078   Code   RO          427    i.NVIC_SetPriority  uart.o
    0x08001148   0x08001148   0x0000002c   Code   RO         1181    i.RCC_GetHCLKClockFreq  py32f002b_ll_rcc.o
    0x08001174   0x08001174   0x00000028   Code   RO         1182    i.RCC_GetPCLK1ClockFreq  py32f002b_ll_rcc.o
    0x0800119c   0x0800119c   0x00000070   Code   RO         1183    i.RCC_GetSystemClockFreq  py32f002b_ll_rcc.o
    0x0800120c   0x0800120c   0x0000003e   Code   RO          481    i.SPEAKING          speak.o
    0x0800124a   0x0800124a   0x00000002   PAD
    0x0800124c   0x0800124c   0x0000004c   Code   RO           14    i.SystemInit        system_py32f002b.o
    0x08001298   0x08001298   0x000000dc   Code   RO          223    i.System_Clock_Config  sys.o
    0x08001374   0x08001374   0x00000084   Code   RO          340    i.TIM14_IRQHandler  time.o
    0x080013f8   0x080013f8   0x00000028   Code   RO          341    i.TIM1_BRK_UP_TRG_COM_IRQHandler  time.o
    0x08001420   0x08001420   0x00000060   Code   RO          342    i.Timer14_1ms_init  time.o
    0x08001480   0x08001480   0x0000005c   Code   RO          343    i.Timer1_10us_init  time.o
    0x080014dc   0x080014dc   0x00000030   Code   RO          428    i.USART1_IRQHandler  uart.o
    0x0800150c   0x0800150c   0x0000001c   Code   RO          319    i.__ARM_common_switch8  app.o
    0x08001528   0x08001528   0x0000000e   Code   RO         1287    i.__scatterload_copy  mc_p.l(handlers.o)
    0x08001536   0x08001536   0x00000002   Code   RO         1288    i.__scatterload_null  mc_p.l(handlers.o)
    0x08001538   0x08001538   0x0000000e   Code   RO         1289    i.__scatterload_zeroinit  mc_p.l(handlers.o)
    0x08001546   0x08001546   0x00000014   Code   RO          482    i.delay100us        speak.o
    0x0800155a   0x0800155a   0x00000002   PAD
    0x0800155c   0x0800155c   0x0000002c   Code   RO          514    i.ev1527_exit       ev1527.o
    0x08001588   0x08001588   0x0000026c   Code   RO          515    i.ev1527_proc       ev1527.o
    0x080017f4   0x080017f4   0x0000001a   Code   RO          565    i.flash_read_buf    flash.o
    0x0800180e   0x0800180e   0x00000002   PAD
    0x08001810   0x08001810   0x000000f0   Code   RO          187    i.gpio_init         gpio.o
    0x08001900   0x08001900   0x00000048   Code   RO           72    i.main              main.o
    0x08001948   0x08001948   0x00000104   Code   RO          430    i.uart_init         uart.o
    0x08001a4c   0x08001a4c   0x00000080   Data   RO           15    .constdata          system_py32f002b.o
    0x08001acc   0x08001acc   0x00000020   Data   RO         1285    Region$$Table       anon$$obj.o


    Execution Region RW_IRAM1 (Exec base: 0x20000000, Load base: 0x08001aec, Size: 0x000005f0, Max: 0x00000c00, ABSOLUTE)

    Exec Addr    Load Addr    Size         Type   Attr      Idx    E Section Name        Object

    0x20000000   0x08001aec   0x00000004   Data   RW           16    .data               system_py32f002b.o
    0x20000004   0x08001af0   0x0000002d   Data   RW          265    .data               app.o
    0x20000031   0x08001b1d   0x00000003   PAD
    0x20000034   0x08001b20   0x0000000e   Data   RW          345    .data               time.o
    0x20000042   0x08001b2e   0x00000001   Data   RW          432    .data               uart.o
    0x20000043   0x08001b2f   0x00000001   PAD
    0x20000044   0x08001b30   0x00000010   Data   RW          517    .data               ev1527.o
    0x20000054        -       0x00000098   Zero   RW          263    .bss                app.o
    0x200000ec        -       0x00000100   Zero   RW          567    .bss                flash.o
    0x200001ec   0x08001b40   0x00000004   PAD
    0x200001f0        -       0x00000400   Zero   RW            1    STACK               startup_py32f002bxx.o


==============================================================================

Image component sizes


      Code (inc. data)   RO Data    RW Data    ZI Data      Debug   Object Name

      2074        254          0         45        152      12569   app.o
       682         62          0         16          0       7196   ev1527.o
       676         60          0          0        256      18642   flash.o
       272          8          0          0          0       8612   gpio.o
        72         14          0          0          0      36347   main.o
       250          0          0          0          0       7379   py32f002b_ll_gpio.o
       240         36          0          0          0      13305   py32f002b_ll_rcc.o
       108          8          0          0          0      26926   py32f002b_ll_tim.o
       432          4          0          0          0      14348   py32f002b_ll_usart.o
       104         18          0          0          0       4361   py32f002b_ll_utils.o
        86          0          0          0          0       1708   speak.o
        28          8        192          0       1024        664   startup_py32f002bxx.o
       220         14          0          0          0      16562   sys.o
       104         20        128          4          0     128468   system_py32f002b.o
       588         72          0         14          0      37455   time.o
       428         30          0          1          0      22086   uart.o

    ----------------------------------------------------------------------
      6370        608        352         84       1436     356628   Object Totals
         0          0         32          0          0          0   (incl. Generated)
         6          0          0          4          4          0   (incl. Padding)

    ----------------------------------------------------------------------

      Code (inc. data)   RO Data    RW Data    ZI Data      Debug   Library Member Name

         0          0          0          0          0          0   entry.o
         0          0          0          0          0          0   entry10a.o
         0          0          0          0          0          0   entry11a.o
         4          0          0          0          0          0   entry12b.o
         8          4          0          0          0          0   entry2.o
         4          0          0          0          0          0   entry5.o
         0          0          0          0          0          0   entry7b.o
         0          0          0          0          0          0   entry8b.o
         8          4          0          0          0          0   entry9a.o
        30          0          0          0          0          0   handlers.o
        36          8          0          0          0         68   init.o
        36          0          0          0          0        100   memseta.o
        44          0          0          0          0         72   uidiv.o

    ----------------------------------------------------------------------
       170         16          0          0          0        240   Library Totals
         0          0          0          0          0          0   (incl. Padding)

    ----------------------------------------------------------------------

      Code (inc. data)   RO Data    RW Data    ZI Data      Debug   Library Name

       170         16          0          0          0        240   mc_p.l

    ----------------------------------------------------------------------
       170         16          0          0          0        240   Library Totals

    ----------------------------------------------------------------------

==============================================================================


      Code (inc. data)   RO Data    RW Data    ZI Data      Debug   

      6540        624        352         84       1436     354380   Grand Totals
      6540        624        352         84       1436     354380   ELF Image Totals
      6540        624        352         84          0          0   ROM Totals

==============================================================================

    Total RO  Size (Code + RO Data)                 6892 (   6.73kB)
    Total RW  Size (RW Data + ZI Data)              1520 (   1.48kB)
    Total ROM Size (Code + RO Data + RW Data)       6976 (   6.81kB)

==============================================================================

